================================================================================
真实LLM推理测试
================================================================================

[步骤1] 加载LLM客户端...
加载配置文件: D:\AIProjects\MarketRadar\config\llm_config.local.yaml
LLM客户端类型: OpenAIClient

[步骤2] 加载产业链图谱...
产业链节点数: 32

[步骤3] 初始化M1.5推理器...

[步骤4] 初始化M3验证器...
历史案例数: 20

================================================================================
测试案例1: 外交事件 - 沙特王储访华
================================================================================

[M1.5推理] 开始推理...
未识别到隐性信号

================================================================================
测试案例2: 政策事件 - 半导体产业扶持政策
================================================================================

[M1.5推理] 开始推理...

识别到隐性信号:
  信号类型: policy_driven
  产业板块: 半导体设备
  机会描述: 政策驱动国产设备采购加速，北方华创、中微公司、盛美上海等龙头受益于先进制程设备放量。
  潜在标的: 688012.SH, 002371.SZ, 688037.SH
  先验置信度: 0.762

推理链:
  1. 政策支持集成电路产业发展 -> 集成电路企业研发投入增加
     推理: 税收减免和融资便利直接降低企业研发成本，激励企业加大资本开支用于技术攻关。
     置信度: 0.900
  2. 研发投入增加 -> 先进制程与关键设备材料国产化突破加速
     推理: 资金注入缩短技术迭代周期，尤其在光刻机、EDA软件、高纯度硅料等卡脖子环节。
     置信度: 0.700
  3. 国产化突破加速 -> 国内半导体设备与材料需求替代进口份额扩大
     推理: 国产化率提升后，国内晶圆厂优先采购国产设备材料，形成内循环需求。
     置信度: 0.800
  4. 融资便利政策 -> 集成电路企业IPO及再融资渠道拓宽
     推理: 政策鼓励金融机构提供专项贷款、降低上市门槛，缓解企业资金压力。
     置信度: 0.850
  5. 人才政策支持 -> 高端芯片设计人才供给增加
     推理: 税收优惠和住房补贴可吸引海外华人工程师回国，缓解人才短缺瓶颈。
     置信度: 0.600

[M3验证] 开始验证...

验证结果:
  后验置信度: 0.762
  置信度变化: +0.000

================================================================================
测试完成
================================================================================
