╔══════════════════════════════════════════════════╗
║  MarketRadar 持续模拟运行                        ║
║  A股: 9:30-15:00 | 美股: 21:30-04:00              ║
║  价格更新: 每60秒 | 盘中扫描: 每30分 | 盘后: 每4h  ║
║  按 Ctrl+C 停止                                   ║
╚══════════════════════════════════════════════════╝
检测数据源...
2026-04-29 11:37:40,287 | 10744 | 25320 | [open_context_base.py:410] _init_connect_sync: New connect ready: conn=7455097949932354294(1) context=<futu.quote.open_quote_context.OpenQuoteContext object at 0x0000020C6A7A2120>
++ Futu OpenD connected, using FutuFeed (realtime)

首次启动：执行盘后全量扫描...

═══ 盘后全量扫描 @ 2026-04-29 11:37:40 ═══
2026-04-29 11:37:40,323 | 10744 | 32936 | [open_context_base.py:518] on_disconnect: Disconnected: conn=0(1) reason=CallClose
2026-04-29 11:37:40,327 | 10744 | 25320 | [open_context_base.py:410] _init_connect_sync: New connect ready: conn=7455097950097013258(2) context=<futu.quote.open_quote_context.OpenQuoteContext object at 0x0000020C6AF396D0>
  扫描 A_SHARE...
2026-04-29 11:37:40,328 | 10744 | 32936 | [open_context_base.py:518] on_disconnect: Disconnected: conn=0(2) reason=CallClose
2026-04-29 11:37:41,327 | 10744 | 25320 | [open_context_base.py:410] _init_connect_sync: New connect ready: conn=7455097954298957091(3) context=<futu.quote.open_quote_context.OpenQuoteContext object at 0x0000020C6CE96350>
[M0] AKShare 新闻采集失败: Invalid regular expression: invalid escape sequence: \u
[M0] AKShare 新闻采集失败: Invalid regular expression: invalid escape sequence: \u
[M0] AKShare 新闻采集失败: Invalid regular expression: invalid escape sequence: \u
[M0] AKShare 新闻采集失败: Invalid regular expression: invalid escape sequence: \u
  A_SHARE: 无异动
  扫描 HK...
2026-04-29 11:49:21,044 | 10744 | 25320 | [open_context_base.py:410] _init_connect_sync: New connect ready: conn=7455100889073775969(4) context=<futu.quote.open_quote_context.OpenQuoteContext object at 0x0000020C6CE5AEA0>
2026-04-29 11:49:21,044 | 10744 | 32936 | [open_context_base.py:518] on_disconnect: Disconnected: conn=0(3) reason=CallClose
2026-04-29 11:49:21,058 | 10744 | 25320 | [open_context_base.py:410] _init_connect_sync: New connect ready: conn=7455100889131687138(5) context=<futu.quote.open_quote_context.OpenQuoteContext object at 0x0000020C6D0643E0>
2026-04-29 11:49:25,910 | 10744 | 32936 | [open_context_base.py:518] on_disconnect: Disconnected: conn=0(5) reason=CallClose
  HK: 无异动

  盘后总计: 0 个补牢机会

  决策报告: 异动29 无因放弃0 M3否决0 趋势晚放弃28 开仓0
持续运行中... 2026-04-29 11:51:12,235 | 10744 | 32936 | [open_context_base.py:518] on_disconnect: Disconnected: conn=0(4) reason=CallClose
(Ctrl+C 停止)
2026-04-29 11:51:22,239 | 10744 | 25320 | [open_context_base.py:410] _init_connect_sync: New connect ready: conn=7455101397448423610(6) context=<futu.quote.open_quote_context.OpenQuoteContext object at 0x0000020C6F756D70>
2026-04-29 11:51:22,239 | 10744 | 32936 | [open_context_base.py:518] on_disconnect: Disconnected: conn=0(6) reason=CallClose
2026-04-29 11:51:22,241 | 10744 | 25320 | [open_context_base.py:410] _init_connect_sync: New connect ready: conn=7455101397460309675(7) context=<futu.quote.open_quote_context.OpenQuoteContext object at 0x0000020C6F757100>
  11:51:22 价格更新: 1个持仓
2026-04-29 11:51:22,271 | 10744 | 32936 | [open_context_base.py:518] on_disconnect: Disconnected: conn=0(7) reason=CallClose
2026-04-29 11:52:22,276 | 10744 | 25320 | [open_context_base.py:410] _init_connect_sync: New connect ready: conn=7455101649265142216(8) context=<futu.quote.open_quote_context.OpenQuoteContext object at 0x0000020C6CE5B360>
2026-04-29 11:52:22,277 | 10744 | 32936 | [open_context_base.py:518] on_disconnect: Disconnected: conn=0(8) reason=CallClose
2026-04-29 11:52:22,291 | 10744 | 25320 | [open_context_base.py:410] _init_connect_sync: New connect ready: conn=7455101649273026572(9) context=<futu.quote.open_quote_context.OpenQuoteContext object at 0x0000020C6CE5B490>
  11:52:22 价格更新: 1个持仓
2026-04-29 11:52:22,343 | 10744 | 32936 | [open_context_base.py:518] on_disconnect: Disconnected: conn=0(9) reason=CallClose
2026-04-29 11:53:22,358 | 10744 | 25320 | [open_context_base.py:410] _init_connect_sync: New connect ready: conn=7455101901219711521(10) context=<futu.quote.open_quote_context.OpenQuoteContext object at 0x0000020C6CE5AB10>
2026-04-29 11:53:22,359 | 10744 | 32936 | [open_context_base.py:518] on_disconnect: Disconnected: conn=0(10) reason=CallClose
2026-04-29 11:53:22,362 | 10744 | 25320 | [open_context_base.py:410] _init_connect_sync: New connect ready: conn=7455101901279230455(11) context=<futu.quote.open_quote_context.OpenQuoteContext object at 0x0000020C6D064180>
  11:53:22 价格更新: 1个持仓
2026-04-29 11:53:22,394 | 10744 | 32936 | [open_context_base.py:518] on_disconnect: Disconnected: conn=0(11) reason=CallClose
2026-04-29 11:54:22,398 | 10744 | 25320 | [open_context_base.py:410] _init_connect_sync: New connect ready: conn=7455102153090553304(12) context=<futu.quote.open_quote_context.OpenQuoteContext object at 0x0000020C6D0642B0>
2026-04-29 11:54:22,399 | 10744 | 32936 | [open_context_base.py:518] on_disconnect: Disconnected: conn=0(12) reason=CallClose
2026-04-29 11:54:22,401 | 10744 | 25320 | [open_context_base.py:410] _init_connect_sync: New connect ready: conn=7455102153099880419(13) context=<futu.quote.open_quote_context.OpenQuoteContext object at 0x0000020C6D065A70>
[M9] 无法获取价格: 000651.SZ
2026-04-29 11:54:22,402 | 10744 | 32936 | [open_context_base.py:518] on_disconnect: Disconnected: conn=0(13) reason=CallClose
2026-04-29 11:55:22,420 | 10744 | 25320 | [open_context_base.py:410] _init_connect_sync: New connect ready: conn=7455102404793034551(14) context=<futu.quote.open_quote_context.OpenQuoteContext object at 0x0000020C6D065940>
2026-04-29 11:55:22,421 | 10744 | 32936 | [open_context_base.py:518] on_disconnect: Disconnected: conn=0(14) reason=CallClose
2026-04-29 11:55:22,434 | 10744 | 25320 | [open_context_base.py:410] _init_connect_sync: New connect ready: conn=7455102404851964585(15) context=<futu.quote.open_quote_context.OpenQuoteContext object at 0x0000020C6D065810>
  11:55:22 价格更新: 1个持仓
2026-04-29 11:55:22,470 | 10744 | 32936 | [open_context_base.py:518] on_disconnect: Disconnected: conn=0(15) reason=CallClose
2026-04-29 11:56:22,474 | 10744 | 25320 | [open_context_base.py:410] _init_connect_sync: New connect ready: conn=7455102656730141837(16) context=<futu.quote.open_quote_context.OpenQuoteContext object at 0x0000020C6D0656E0>
2026-04-29 11:56:22,475 | 10744 | 32936 | [open_context_base.py:518] on_disconnect: Disconnected: conn=0(16) reason=CallClose
2026-04-29 11:56:22,490 | 10744 | 25320 | [open_context_base.py:410] _init_connect_sync: New connect ready: conn=7455102656737712430(17) context=<futu.quote.open_quote_context.OpenQuoteContext object at 0x0000020C6D065BA0>
  11:56:22 价格更新: 1个持仓
2026-04-29 11:56:22,983 | 10744 | 32936 | [open_context_base.py:518] on_disconnect: Disconnected: conn=0(17) reason=CallClose
2026-04-29 11:57:23,002 | 10744 | 25320 | [open_context_base.py:410] _init_connect_sync: New connect ready: conn=7455102910547640568(18) context=<futu.quote.open_quote_context.OpenQuoteContext object at 0x0000020C6D065CD0>
2026-04-29 11:57:23,003 | 10744 | 32936 | [open_context_base.py:518] on_disconnect: Disconnected: conn=0(18) reason=CallClose
2026-04-29 11:57:23,005 | 10744 | 25320 | [open_context_base.py:410] _init_connect_sync: New connect ready: conn=7455102910614588907(19) context=<futu.quote.open_quote_context.OpenQuoteContext object at 0x0000020C6D065E00>
  11:57:23 价格更新: 1个持仓
2026-04-29 11:57:23,331 | 10744 | 32936 | [open_context_base.py:518] on_disconnect: Disconnected: conn=0(19) reason=CallClose
2026-04-29 11:58:23,334 | 10744 | 25320 | [open_context_base.py:410] _init_connect_sync: New connect ready: conn=7455103163650409758(20) context=<futu.quote.open_quote_context.OpenQuoteContext object at 0x0000020C6D065F30>
2026-04-29 11:58:23,335 | 10744 | 32936 | [open_context_base.py:518] on_disconnect: Disconnected: conn=0(20) reason=CallClose
2026-04-29 11:58:23,337 | 10744 | 25320 | [open_context_base.py:410] _init_connect_sync: New connect ready: conn=7455103163664497005(21) context=<futu.quote.open_quote_context.OpenQuoteContext object at 0x0000020C6D066060>
  11:58:23 价格更新: 1个持仓
2026-04-29 11:58:23,368 | 10744 | 32936 | [open_context_base.py:518] on_disconnect: Disconnected: conn=0(21) reason=CallClose
2026-04-29 11:59:23,385 | 10744 | 25320 | [open_context_base.py:410] _init_connect_sync: New connect ready: conn=7455103415472751345(22) context=<futu.quote.open_quote_context.OpenQuoteContext object at 0x0000020C6D066190>
2026-04-29 11:59:23,386 | 10744 | 32936 | [open_context_base.py:518] on_disconnect: Disconnected: conn=0(22) reason=CallClose
2026-04-29 11:59:23,387 | 10744 | 25320 | [open_context_base.py:410] _init_connect_sync: New connect ready: conn=7455103415532768912(23) context=<futu.quote.open_quote_context.OpenQuoteContext object at 0x0000020C6D0662C0>
  11:59:23 价格更新: 1个持仓
2026-04-29 11:59:23,418 | 10744 | 32936 | [open_context_base.py:518] on_disconnect: Disconnected: conn=0(23) reason=CallClose
2026-04-29 12:00:23,434 | 10744 | 25320 | [open_context_base.py:410] _init_connect_sync: New connect ready: conn=7455103667340376232(24) context=<futu.quote.open_quote_context.OpenQuoteContext object at 0x0000020C6D0663F0>
2026-04-29 12:00:23,435 | 10744 | 32936 | [open_context_base.py:518] on_disconnect: Disconnected: conn=0(24) reason=CallClose
2026-04-29 12:00:23,436 | 10744 | 25320 | [open_context_base.py:410] _init_connect_sync: New connect ready: conn=7455103667398835847(25) context=<futu.quote.open_quote_context.OpenQuoteContext object at 0x0000020C6D066520>
[M9] 无法获取价格: 000651.SZ
2026-04-29 12:00:23,438 | 10744 | 32936 | [open_context_base.py:518] on_disconnect: Disconnected: conn=0(25) reason=CallClose
2026-04-29 12:01:23,442 | 10744 | 25320 | [open_context_base.py:410] _init_connect_sync: New connect ready: conn=7455103919078408484(26) context=<futu.quote.open_quote_context.OpenQuoteContext object at 0x0000020C6D066650>
2026-04-29 12:01:23,443 | 10744 | 32936 | [open_context_base.py:518] on_disconnect: Disconnected: conn=0(26) reason=CallClose
2026-04-29 12:01:23,444 | 10744 | 25320 | [open_context_base.py:410] _init_connect_sync: New connect ready: conn=7455103919087609531(27) context=<futu.quote.open_quote_context.OpenQuoteContext object at 0x0000020C6D066780>
  12:01:23 价格更新: 1个持仓
2026-04-29 12:01:23,475 | 10744 | 32936 | [open_context_base.py:518] on_disconnect: Disconnected: conn=0(27) reason=CallClose
2026-04-29 12:02:23,480 | 10744 | 25320 | [open_context_base.py:410] _init_connect_sync: New connect ready: conn=7455104170894951561(28) context=<futu.quote.open_quote_context.OpenQuoteContext object at 0x0000020C6D0668B0>
2026-04-29 12:02:23,480 | 10744 | 32936 | [open_context_base.py:518] on_disconnect: Disconnected: conn=0(28) reason=CallClose
2026-04-29 12:02:23,494 | 10744 | 25320 | [open_context_base.py:410] _init_connect_sync: New connect ready: conn=7455104170904971136(29) context=<futu.quote.open_quote_context.OpenQuoteContext object at 0x0000020C6D0669E0>
  12:02:23 价格更新: 1个持仓
2026-04-29 12:02:23,581 | 10744 | 32936 | [open_context_base.py:518] on_disconnect: Disconnected: conn=0(29) reason=CallClose
2026-04-29 12:03:23,596 | 10744 | 25320 | [open_context_base.py:410] _init_connect_sync: New connect ready: conn=7455104422995233233(30) context=<futu.quote.open_quote_context.OpenQuoteContext object at 0x0000020C6D066B10>
2026-04-29 12:03:23,597 | 10744 | 32936 | [open_context_base.py:518] on_disconnect: Disconnected: conn=0(30) reason=CallClose
2026-04-29 12:03:23,610 | 10744 | 25320 | [open_context_base.py:410] _init_connect_sync: New connect ready: conn=7455104423052792444(31) context=<futu.quote.open_quote_context.OpenQuoteContext object at 0x0000020C6D066C40>
  12:03:23 价格更新: 1个持仓
2026-04-29 12:03:23,639 | 10744 | 32936 | [open_context_base.py:518] on_disconnect: Disconnected: conn=0(31) reason=CallClose
2026-04-29 12:04:23,645 | 10744 | 25320 | [open_context_base.py:410] _init_connect_sync: New connect ready: conn=7455104674904628606(32) context=<futu.quote.open_quote_context.OpenQuoteContext object at 0x0000020C6D066D70>
2026-04-29 12:04:23,646 | 10744 | 32936 | [open_context_base.py:518] on_disconnect: Disconnected: conn=0(32) reason=CallClose
2026-04-29 12:04:23,659 | 10744 | 25320 | [open_context_base.py:410] _init_connect_sync: New connect ready: conn=7455104674919630161(33) context=<futu.quote.open_quote_context.OpenQuoteContext object at 0x0000020C6D066EA0>
  12:04:23 价格更新: 1个持仓
2026-04-29 12:04:23,744 | 10744 | 32936 | [open_context_base.py:518] on_disconnect: Disconnected: conn=0(33) reason=CallClose
2026-04-29 12:05:23,759 | 10744 | 25320 | [open_context_base.py:410] _init_connect_sync: New connect ready: conn=7455104926995241347(34) context=<futu.quote.open_quote_context.OpenQuoteContext object at 0x0000020C6D066FD0>
2026-04-29 12:05:23,760 | 10744 | 32936 | [open_context_base.py:518] on_disconnect: Disconnected: conn=0(34) reason=CallClose
2026-04-29 12:05:23,773 | 10744 | 25320 | [open_context_base.py:410] _init_connect_sync: New connect ready: conn=7455104927056931853(35) context=<futu.quote.open_quote_context.OpenQuoteContext object at 0x0000020C6D067100>
  12:05:23 价格更新: 1个持仓
2026-04-29 12:05:23,805 | 10744 | 32936 | [open_context_base.py:518] on_disconnect: Disconnected: conn=0(35) reason=CallClose
2026-04-29 12:06:23,810 | 10744 | 25320 | [open_context_base.py:410] _init_connect_sync: New connect ready: conn=7455105178913084693(36) context=<futu.quote.open_quote_context.OpenQuoteContext object at 0x0000020C6D067230>
2026-04-29 12:06:23,811 | 10744 | 32936 | [open_context_base.py:518] on_disconnect: Disconnected: conn=0(36) reason=CallClose
2026-04-29 12:06:23,823 | 10744 | 25320 | [open_context_base.py:410] _init_connect_sync: New connect ready: conn=7455105178924563715(37) context=<futu.quote.open_quote_context.OpenQuoteContext object at 0x0000020C6D067360>
  12:06:23 价格更新: 1个持仓
2026-04-29 12:06:23,855 | 10744 | 32936 | [open_context_base.py:518] on_disconnect: Disconnected: conn=0(37) reason=CallClose
2026-04-29 12:07:23,874 | 10744 | 25320 | [open_context_base.py:410] _init_connect_sync: New connect ready: conn=7455105430786346848(38) context=<futu.quote.open_quote_context.OpenQuoteContext object at 0x0000020C6D067490>
2026-04-29 12:07:23,875 | 10744 | 32936 | [open_context_base.py:518] on_disconnect: Disconnected: conn=0(38) reason=CallClose
2026-04-29 12:07:23,888 | 10744 | 25320 | [open_context_base.py:410] _init_connect_sync: New connect ready: conn=7455105430853699234(39) context=<futu.quote.open_quote_context.OpenQuoteContext object at 0x0000020C6D0675C0>
  12:07:23 价格更新: 1个持仓
2026-04-29 12:07:23,920 | 10744 | 32936 | [open_context_base.py:518] on_disconnect: Disconnected: conn=0(39) reason=CallClose
2026-04-29 12:08:23,926 | 10744 | 25320 | [open_context_base.py:410] _init_connect_sync: New connect ready: conn=7455105682717665252(40) context=<futu.quote.open_quote_context.OpenQuoteContext object at 0x0000020C6D0676F0>
2026-04-29 12:08:23,927 | 10744 | 32936 | [open_context_base.py:518] on_disconnect: Disconnected: conn=0(40) reason=CallClose
2026-04-29 12:08:23,929 | 10744 | 25320 | [open_context_base.py:410] _init_connect_sync: New connect ready: conn=7455105682730473153(41) context=<futu.quote.open_quote_context.OpenQuoteContext object at 0x0000020C6D067820>
  12:08:24 价格更新: 1个持仓
2026-04-29 12:08:24,139 | 10744 | 32936 | [open_context_base.py:518] on_disconnect: Disconnected: conn=0(41) reason=CallClose
2026-04-29 12:09:24,156 | 10744 | 25320 | [open_context_base.py:410] _init_connect_sync: New connect ready: conn=7455105935291942267(42) context=<futu.quote.open_quote_context.OpenQuoteContext object at 0x0000020C6D067950>
2026-04-29 12:09:24,157 | 10744 | 32936 | [open_context_base.py:518] on_disconnect: Disconnected: conn=0(42) reason=CallClose
2026-04-29 12:09:24,170 | 10744 | 25320 | [open_context_base.py:410] _init_connect_sync: New connect ready: conn=7455105935347178772(43) context=<futu.quote.open_quote_context.OpenQuoteContext object at 0x0000020C6D067A80>
  12:09:24 价格更新: 1个持仓
2026-04-29 12:09:24,214 | 10744 | 32936 | [open_context_base.py:518] on_disconnect: Disconnected: conn=0(43) reason=CallClose
2026-04-29 12:10:24,220 | 10744 | 25320 | [open_context_base.py:410] _init_connect_sync: New connect ready: conn=7455106187261142830(44) context=<futu.quote.open_quote_context.OpenQuoteContext object at 0x0000020C6D067BB0>
2026-04-29 12:10:24,220 | 10744 | 32936 | [open_context_base.py:518] on_disconnect: Disconnected: conn=0(44) reason=CallClose
2026-04-29 12:10:24,234 | 10744 | 25320 | [open_context_base.py:410] _init_connect_sync: New connect ready: conn=7455106187276669483(45) context=<futu.quote.open_quote_context.OpenQuoteContext object at 0x0000020C6D067CE0>
  12:10:24 价格更新: 1个持仓
2026-04-29 12:10:24,281 | 10744 | 32936 | [open_context_base.py:518] on_disconnect: Disconnected: conn=0(45) reason=CallClose
2026-04-29 12:11:24,295 | 10744 | 25320 | [open_context_base.py:410] _init_connect_sync: New connect ready: conn=7455106439196756859(46) context=<futu.quote.open_quote_context.OpenQuoteContext object at 0x0000020C6D067E10>
2026-04-29 12:11:24,296 | 10744 | 32936 | [open_context_base.py:518] on_disconnect: Disconnected: conn=0(46) reason=CallClose
2026-04-29 12:11:24,310 | 10744 | 25320 | [open_context_base.py:410] _init_connect_sync: New connect ready: conn=7455106439249423169(47) context=<futu.quote.open_quote_context.OpenQuoteContext object at 0x0000020C6B018050>
  12:11:24 价格更新: 1个持仓
2026-04-29 12:11:24,340 | 10744 | 32936 | [open_context_base.py:518] on_disconnect: Disconnected: conn=0(47) reason=CallClose
2026-04-29 12:12:24,358 | 10744 | 25320 | [open_context_base.py:410] _init_connect_sync: New connect ready: conn=7455106691113929403(48) context=<futu.quote.open_quote_context.OpenQuoteContext object at 0x0000020C6B018180>
2026-04-29 12:12:24,359 | 10744 | 32936 | [open_context_base.py:518] on_disconnect: Disconnected: conn=0(48) reason=CallClose
2026-04-29 12:12:24,373 | 10744 | 25320 | [open_context_base.py:410] _init_connect_sync: New connect ready: conn=7455106691173447893(49) context=<futu.quote.open_quote_context.OpenQuoteContext object at 0x0000020C6B0182B0>
  12:12:24 价格更新: 1个持仓
2026-04-29 12:12:24,405 | 10744 | 32936 | [open_context_base.py:518] on_disconnect: Disconnected: conn=0(49) reason=CallClose
2026-04-29 12:13:24,422 | 10744 | 25320 | [open_context_base.py:410] _init_connect_sync: New connect ready: conn=7455106943039894100(50) context=<futu.quote.open_quote_context.OpenQuoteContext object at 0x0000020C6B0183E0>
2026-04-29 12:13:24,423 | 10744 | 32936 | [open_context_base.py:518] on_disconnect: Disconnected: conn=0(50) reason=CallClose
2026-04-29 12:13:24,436 | 10744 | 25320 | [open_context_base.py:410] _init_connect_sync: New connect ready: conn=7455106943102261916(51) context=<futu.quote.open_quote_context.OpenQuoteContext object at 0x0000020C6B018510>
  12:13:24 价格更新: 1个持仓
2026-04-29 12:13:24,477 | 10744 | 32936 | [open_context_base.py:518] on_disconnect: Disconnected: conn=0(51) reason=CallClose
2026-04-29 12:14:24,495 | 10744 | 25320 | [open_context_base.py:410] _init_connect_sync: New connect ready: conn=7455107195000958474(52) context=<futu.quote.open_quote_context.OpenQuoteContext object at 0x0000020C6B018640>
2026-04-29 12:14:24,495 | 10744 | 32936 | [open_context_base.py:518] on_disconnect: Disconnected: conn=0(52) reason=CallClose
2026-04-29 12:14:24,497 | 10744 | 25320 | [open_context_base.py:410] _init_connect_sync: New connect ready: conn=7455107195060904554(53) context=<futu.quote.open_quote_context.OpenQuoteContext object at 0x0000020C6B018770>
  12:14:24 价格更新: 1个持仓
2026-04-29 12:14:24,527 | 10744 | 32936 | [open_context_base.py:518] on_disconnect: Disconnected: conn=0(53) reason=CallClose
2026-04-29 12:15:24,532 | 10744 | 25320 | [open_context_base.py:410] _init_connect_sync: New connect ready: conn=7455107446865094143(54) context=<futu.quote.open_quote_context.OpenQuoteContext object at 0x0000020C6B0188A0>
2026-04-29 12:15:24,533 | 10744 | 32936 | [open_context_base.py:518] on_disconnect: Disconnected: conn=0(54) reason=CallClose
2026-04-29 12:15:24,546 | 10744 | 25320 | [open_context_base.py:410] _init_connect_sync: New connect ready: conn=7455107446879440530(55) context=<futu.quote.open_quote_context.OpenQuoteContext object at 0x0000020C6B0189D0>
  12:15:24 价格更新: 1个持仓
2026-04-29 12:15:24,580 | 10744 | 32936 | [open_context_base.py:518] on_disconnect: Disconnected: conn=0(55) reason=CallClose
2026-04-29 12:16:24,595 | 10744 | 25320 | [open_context_base.py:410] _init_connect_sync: New connect ready: conn=7455107698744801218(56) context=<futu.quote.open_quote_context.OpenQuoteContext object at 0x0000020C6B018B00>
2026-04-29 12:16:24,596 | 10744 | 32936 | [open_context_base.py:518] on_disconnect: Disconnected: conn=0(56) reason=CallClose
2026-04-29 12:16:24,600 | 10744 | 25320 | [open_context_base.py:410] _init_connect_sync: New connect ready: conn=7455107698801274108(57) context=<futu.quote.open_quote_context.OpenQuoteContext object at 0x0000020C6B018C30>
  12:16:24 价格更新: 1个持仓
2026-04-29 12:16:24,638 | 10744 | 32936 | [open_context_base.py:518] on_disconnect: Disconnected: conn=0(57) reason=CallClose
2026-04-29 12:17:24,643 | 10744 | 25320 | [open_context_base.py:410] _init_connect_sync: New connect ready: conn=7455107950651019227(58) context=<futu.quote.open_quote_context.OpenQuoteContext object at 0x0000020C6B018D60>
2026-04-29 12:17:24,643 | 10744 | 32936 | [open_context_base.py:518] on_disconnect: Disconnected: conn=0(58) reason=CallClose
2026-04-29 12:17:24,656 | 10744 | 25320 | [open_context_base.py:410] _init_connect_sync: New connect ready: conn=7455107950657727495(59) context=<futu.quote.open_quote_context.OpenQuoteContext object at 0x0000020C6B018E90>
  12:17:24 价格更新: 1个持仓
2026-04-29 12:17:24,688 | 10744 | 32936 | [open_context_base.py:518] on_disconnect: Disconnected: conn=0(59) reason=CallClose
2026-04-29 12:18:24,703 | 10744 | 25320 | [open_context_base.py:410] _init_connect_sync: New connect ready: conn=7455108202516236868(60) context=<futu.quote.open_quote_context.OpenQuoteContext object at 0x0000020C6B018FC0>
2026-04-29 12:18:24,704 | 10744 | 32936 | [open_context_base.py:518] on_disconnect: Disconnected: conn=0(60) reason=CallClose
2026-04-29 12:18:24,717 | 10744 | 25320 | [open_context_base.py:410] _init_connect_sync: New connect ready: conn=7455108202571322608(61) context=<futu.quote.open_quote_context.OpenQuoteContext object at 0x0000020C6B0190F0>
  12:18:24 价格更新: 1个持仓
2026-04-29 12:18:24,748 | 10744 | 32936 | [open_context_base.py:518] on_disconnect: Disconnected: conn=0(61) reason=CallClose
2026-04-29 12:19:24,763 | 10744 | 25320 | [open_context_base.py:410] _init_connect_sync: New connect ready: conn=7455108454424686289(62) context=<futu.quote.open_quote_context.OpenQuoteContext object at 0x0000020C6B019220>
2026-04-29 12:19:24,764 | 10744 | 32936 | [open_context_base.py:518] on_disconnect: Disconnected: conn=0(62) reason=CallClose
2026-04-29 12:19:24,778 | 10744 | 25320 | [open_context_base.py:410] _init_connect_sync: New connect ready: conn=7455108454479302661(63) context=<futu.quote.open_quote_context.OpenQuoteContext object at 0x0000020C6B019350>
  12:19:24 价格更新: 1个持仓
2026-04-29 12:19:24,814 | 10744 | 32936 | [open_context_base.py:518] on_disconnect: Disconnected: conn=0(63) reason=CallClose
2026-04-29 12:20:24,819 | 10744 | 25320 | [open_context_base.py:410] _init_connect_sync: New connect ready: conn=7455108706362914261(64) context=<futu.quote.open_quote_context.OpenQuoteContext object at 0x0000020C6B019480>
2026-04-29 12:20:24,820 | 10744 | 32936 | [open_context_base.py:518] on_disconnect: Disconnected: conn=0(64) reason=CallClose
2026-04-29 12:20:24,821 | 10744 | 25320 | [open_context_base.py:410] _init_connect_sync: New connect ready: conn=7455108706373130624(65) context=<futu.quote.open_quote_context.OpenQuoteContext object at 0x0000020C6B0195B0>
  12:20:24 价格更新: 1个持仓
2026-04-29 12:20:24,855 | 10744 | 32936 | [open_context_base.py:518] on_disconnect: Disconnected: conn=0(65) reason=CallClose

--- 第 1 轮A股盘中扫描 (A股30min) ---
2026-04-29 12:21:14,873 | 10744 | 25320 | [open_context_base.py:410] _init_connect_sync: New connect ready: conn=7455108916257585973(66) context=<futu.quote.open_quote_context.OpenQuoteContext object at 0x0000020C6B0196E0>
2026-04-29 12:21:14,874 | 10744 | 32936 | [open_context_base.py:518] on_disconnect: Disconnected: conn=0(66) reason=CallClose
  扫描 A_SHARE...
2026-04-29 12:21:14,898 | 10744 | 25320 | [open_context_base.py:410] _init_connect_sync: New connect ready: conn=7455108916358651911(67) context=<futu.quote.open_quote_context.OpenQuoteContext object at 0x0000020C6B01A060>
  扫描 A_SHARE 第 8 批: 3500-4000/4093
  A_SHARE: 无异动
  扫描 HK...
2026-04-29 12:21:17,806 | 10744 | 25320 | [open_context_base.py:410] _init_connect_sync: New connect ready: conn=7455108928555553956(68) context=<futu.quote.open_quote_context.OpenQuoteContext object at 0x0000020C6B019940>
  扫描 HK 第 1 批: 0-90/902026-04-29 12:21:17,807 | 10744 | 32936 | [open_context_base.py:518] on_disconnect: Disconnected: conn=0(67) reason=CallClose

  HK: 无异动

  盘中总计: 0 个补牢机会
2026-04-29 12:21:17,872 | 10744 | 32936 | [open_context_base.py:518] on_disconnect: Disconnected: conn=0(68) reason=CallClose
2026-04-29 12:21:27,886 | 10744 | 25320 | [open_context_base.py:410] _init_connect_sync: New connect ready: conn=7455108970836007162(69) context=<futu.quote.open_quote_context.OpenQuoteContext object at 0x0000020C6B01A190>
2026-04-29 12:21:27,887 | 10744 | 32936 | [open_context_base.py:518] on_disconnect: Disconnected: conn=0(69) reason=CallClose
2026-04-29 12:21:27,902 | 10744 | 25320 | [open_context_base.py:410] _init_connect_sync: New connect ready: conn=7455108970898148785(70) context=<futu.quote.open_quote_context.OpenQuoteContext object at 0x0000020C6B01A2C0>
[M9] 无法获取价格: 000651.SZ
2026-04-29 12:21:27,903 | 10744 | 32936 | [open_context_base.py:518] on_disconnect: Disconnected: conn=0(70) reason=CallClose
2026-04-29 12:22:27,919 | 10744 | 25320 | [open_context_base.py:410] _init_connect_sync: New connect ready: conn=7455109222634535382(71) context=<futu.quote.open_quote_context.OpenQuoteContext object at 0x0000020C6B01A3F0>
2026-04-29 12:22:27,920 | 10744 | 32936 | [open_context_base.py:518] on_disconnect: Disconnected: conn=0(71) reason=CallClose
2026-04-29 12:22:27,934 | 10744 | 25320 | [open_context_base.py:410] _init_connect_sync: New connect ready: conn=7455109222691973183(72) context=<futu.quote.open_quote_context.OpenQuoteContext object at 0x0000020C6B01A9E0>
  12:22:27 价格更新: 1个持仓
2026-04-29 12:22:27,967 | 10744 | 32936 | [open_context_base.py:518] on_disconnect: Disconnected: conn=0(72) reason=CallClose
2026-04-29 12:23:27,984 | 10744 | 25320 | [open_context_base.py:410] _init_connect_sync: New connect ready: conn=7455109474562407902(73) context=<futu.quote.open_quote_context.OpenQuoteContext object at 0x0000020C6B01A520>
2026-04-29 12:23:27,985 | 10744 | 32936 | [open_context_base.py:518] on_disconnect: Disconnected: conn=0(73) reason=CallClose
2026-04-29 12:23:27,998 | 10744 | 25320 | [open_context_base.py:410] _init_connect_sync: New connect ready: conn=7455109474625777932(74) context=<futu.quote.open_quote_context.OpenQuoteContext object at 0x0000020C6B01A780>
  12:23:28 价格更新: 1个持仓
2026-04-29 12:23:28,031 | 10744 | 32936 | [open_context_base.py:518] on_disconnect: Disconnected: conn=0(74) reason=CallClose
2026-04-29 12:24:28,036 | 10744 | 25320 | [open_context_base.py:410] _init_connect_sync: New connect ready: conn=7455109726489750009(75) context=<futu.quote.open_quote_context.OpenQuoteContext object at 0x0000020C6B01A650>
2026-04-29 12:24:28,037 | 10744 | 32936 | [open_context_base.py:518] on_disconnect: Disconnected: conn=0(75) reason=CallClose
2026-04-29 12:24:28,039 | 10744 | 25320 | [open_context_base.py:410] _init_connect_sync: New connect ready: conn=7455109726502079683(76) context=<futu.quote.open_quote_context.OpenQuoteContext object at 0x0000020C6B01AB10>
  12:24:28 价格更新: 1个持仓
2026-04-29 12:24:28,072 | 10744 | 32936 | [open_context_base.py:518] on_disconnect: Disconnected: conn=0(76) reason=CallClose
2026-04-29 12:25:28,088 | 10744 | 25320 | [open_context_base.py:410] _init_connect_sync: New connect ready: conn=7455109978315001273(77) context=<futu.quote.open_quote_context.OpenQuoteContext object at 0x0000020C6B01B100>
2026-04-29 12:25:28,089 | 10744 | 32936 | [open_context_base.py:518] on_disconnect: Disconnected: conn=0(77) reason=CallClose
2026-04-29 12:25:28,091 | 10744 | 25320 | [open_context_base.py:410] _init_connect_sync: New connect ready: conn=7455109978378251830(78) context=<futu.quote.open_quote_context.OpenQuoteContext object at 0x0000020C6B01AFD0>
  12:25:28 价格更新: 1个持仓
2026-04-29 12:25:28,123 | 10744 | 32936 | [open_context_base.py:518] on_disconnect: Disconnected: conn=0(78) reason=CallClose
2026-04-29 12:26:28,139 | 10744 | 25320 | [open_context_base.py:410] _init_connect_sync: New connect ready: conn=7455110230195818986(79) context=<futu.quote.open_quote_context.OpenQuoteContext object at 0x0000020C6B01AEA0>
2026-04-29 12:26:28,140 | 10744 | 32936 | [open_context_base.py:518] on_disconnect: Disconnected: conn=0(79) reason=CallClose
2026-04-29 12:26:28,153 | 10744 | 25320 | [open_context_base.py:410] _init_connect_sync: New connect ready: conn=7455110230246981900(80) context=<futu.quote.open_quote_context.OpenQuoteContext object at 0x0000020C6B01AD70>
  12:26:28 价格更新: 1个持仓
2026-04-29 12:26:28,185 | 10744 | 32936 | [open_context_base.py:518] on_disconnect: Disconnected: conn=0(80) reason=CallClose
2026-04-29 12:27:28,202 | 10744 | 25320 | [open_context_base.py:410] _init_connect_sync: New connect ready: conn=7455110482106195693(81) context=<futu.quote.open_quote_context.OpenQuoteContext object at 0x0000020C6B01AC40>
2026-04-29 12:27:28,202 | 10744 | 32936 | [open_context_base.py:518] on_disconnect: Disconnected: conn=0(81) reason=CallClose
2026-04-29 12:27:28,215 | 10744 | 25320 | [open_context_base.py:410] _init_connect_sync: New connect ready: conn=7455110482169345358(82) context=<futu.quote.open_quote_context.OpenQuoteContext object at 0x0000020C6B01A8B0>
  12:27:28 价格更新: 1个持仓
2026-04-29 12:27:28,244 | 10744 | 32936 | [open_context_base.py:518] on_disconnect: Disconnected: conn=0(82) reason=CallClose
2026-04-29 12:28:28,260 | 10744 | 25320 | [open_context_base.py:410] _init_connect_sync: New connect ready: conn=7455110734016122078(83) context=<futu.quote.open_quote_context.OpenQuoteContext object at 0x0000020C6B019F30>
2026-04-29 12:28:28,261 | 10744 | 32936 | [open_context_base.py:518] on_disconnect: Disconnected: conn=0(83) reason=CallClose
2026-04-29 12:28:28,262 | 10744 | 25320 | [open_context_base.py:410] _init_connect_sync: New connect ready: conn=7455110734071506793(84) context=<futu.quote.open_quote_context.OpenQuoteContext object at 0x0000020C6B019E00>
  12:28:28 价格更新: 1个持仓
2026-04-29 12:28:28,302 | 10744 | 32936 | [open_context_base.py:518] on_disconnect: Disconnected: conn=0(84) reason=CallClose
2026-04-29 12:29:28,307 | 10744 | 25320 | [open_context_base.py:410] _init_connect_sync: New connect ready: conn=7455110985915334528(85) context=<futu.quote.open_quote_context.OpenQuoteContext object at 0x0000020C6B019CD0>
2026-04-29 12:29:28,308 | 10744 | 32936 | [open_context_base.py:518] on_disconnect: Disconnected: conn=0(85) reason=CallClose
2026-04-29 12:29:28,311 | 10744 | 25320 | [open_context_base.py:410] _init_connect_sync: New connect ready: conn=7455110985933649213(86) context=<futu.quote.open_quote_context.OpenQuoteContext object at 0x0000020C6B019BA0>
  12:29:28 价格更新: 1个持仓
2026-04-29 12:29:28,343 | 10744 | 32936 | [open_context_base.py:518] on_disconnect: Disconnected: conn=0(86) reason=CallClose
2026-04-29 12:30:28,348 | 10744 | 25320 | [open_context_base.py:410] _init_connect_sync: New connect ready: conn=7455111237745324819(87) context=<futu.quote.open_quote_context.OpenQuoteContext object at 0x0000020C6B019A70>
2026-04-29 12:30:28,349 | 10744 | 32936 | [open_context_base.py:518] on_disconnect: Disconnected: conn=0(87) reason=CallClose
2026-04-29 12:30:28,351 | 10744 | 25320 | [open_context_base.py:410] _init_connect_sync: New connect ready: conn=7455111237760318954(88) context=<futu.quote.open_quote_context.OpenQuoteContext object at 0x0000020C6B019810>
[M9] 无法获取价格: 000651.SZ
2026-04-29 12:30:28,353 | 10744 | 32936 | [open_context_base.py:518] on_disconnect: Disconnected: conn=0(88) reason=CallClose
2026-04-29 12:31:28,359 | 10744 | 25320 | [open_context_base.py:410] _init_connect_sync: New connect ready: conn=7455111489444167786(89) context=<futu.quote.open_quote_context.OpenQuoteContext object at 0x0000020C6B01B230>
2026-04-29 12:31:28,359 | 10744 | 32936 | [open_context_base.py:518] on_disconnect: Disconnected: conn=0(89) reason=CallClose
2026-04-29 12:31:28,361 | 10744 | 25320 | [open_context_base.py:410] _init_connect_sync: New connect ready: conn=7455111489459909757(90) context=<futu.quote.open_quote_context.OpenQuoteContext object at 0x0000020C6B01B360>
  12:31:28 价格更新: 1个持仓
2026-04-29 12:31:28,447 | 10744 | 32936 | [open_context_base.py:518] on_disconnect: Disconnected: conn=0(90) reason=CallClose
2026-04-29 12:32:28,452 | 10744 | 25320 | [open_context_base.py:410] _init_connect_sync: New connect ready: conn=7455111741493561346(91) context=<futu.quote.open_quote_context.OpenQuoteContext object at 0x0000020C6B01B490>
2026-04-29 12:32:28,453 | 10744 | 32936 | [open_context_base.py:518] on_disconnect: Disconnected: conn=0(91) reason=CallClose
2026-04-29 12:32:28,455 | 10744 | 25320 | [open_context_base.py:410] _init_connect_sync: New connect ready: conn=7455111741506727653(92) context=<futu.quote.open_quote_context.OpenQuoteContext object at 0x0000020C6B01B5C0>
  12:32:28 价格更新: 1个持仓
2026-04-29 12:32:28,709 | 10744 | 32936 | [open_context_base.py:518] on_disconnect: Disconnected: conn=0(92) reason=CallClose
2026-04-29 12:33:28,724 | 10744 | 25320 | [open_context_base.py:410] _init_connect_sync: New connect ready: conn=7455111994253183030(93) context=<futu.quote.open_quote_context.OpenQuoteContext object at 0x0000020C6B01B6F0>
2026-04-29 12:33:28,725 | 10744 | 32936 | [open_context_base.py:518] on_disconnect: Disconnected: conn=0(93) reason=CallClose
2026-04-29 12:33:28,727 | 10744 | 25320 | [open_context_base.py:410] _init_connect_sync: New connect ready: conn=7455111994307881517(94) context=<futu.quote.open_quote_context.OpenQuoteContext object at 0x0000020C6B01B820>
  12:33:28 价格更新: 1个持仓
2026-04-29 12:33:28,760 | 10744 | 32936 | [open_context_base.py:518] on_disconnect: Disconnected: conn=0(94) reason=CallClose
2026-04-29 12:34:28,764 | 10744 | 25320 | [open_context_base.py:410] _init_connect_sync: New connect ready: conn=7455112246124411151(95) context=<futu.quote.open_quote_context.OpenQuoteContext object at 0x0000020C6B01B950>
2026-04-29 12:34:28,765 | 10744 | 32936 | [open_context_base.py:518] on_disconnect: Disconnected: conn=0(95) reason=CallClose
2026-04-29 12:34:28,767 | 10744 | 25320 | [open_context_base.py:410] _init_connect_sync: New connect ready: conn=7455112246137940748(96) context=<futu.quote.open_quote_context.OpenQuoteContext object at 0x0000020C6B01BA80>
  12:34:28 价格更新: 1个持仓
2026-04-29 12:34:28,800 | 10744 | 32936 | [open_context_base.py:518] on_disconnect: Disconnected: conn=0(96) reason=CallClose
2026-04-29 12:35:28,806 | 10744 | 25320 | [open_context_base.py:410] _init_connect_sync: New connect ready: conn=7455112497958258445(97) context=<futu.quote.open_quote_context.OpenQuoteContext object at 0x0000020C6B01BBB0>
2026-04-29 12:35:28,807 | 10744 | 32936 | [open_context_base.py:518] on_disconnect: Disconnected: conn=0(97) reason=CallClose
2026-04-29 12:35:28,809 | 10744 | 25320 | [open_context_base.py:410] _init_connect_sync: New connect ready: conn=7455112497966927929(98) context=<futu.quote.open_quote_context.OpenQuoteContext object at 0x0000020C6B01BCE0>
  12:35:28 价格更新: 1个持仓
2026-04-29 12:35:28,841 | 10744 | 32936 | [open_context_base.py:518] on_disconnect: Disconnected: conn=0(98) reason=CallClose
2026-04-29 12:36:28,855 | 10744 | 25320 | [open_context_base.py:410] _init_connect_sync: New connect ready: conn=7455112749781506181(99) context=<futu.quote.open_quote_context.OpenQuoteContext object at 0x0000020C6B01BE10>
2026-04-29 12:36:28,856 | 10744 | 32936 | [open_context_base.py:518] on_disconnect: Disconnected: conn=0(99) reason=CallClose
2026-04-29 12:36:28,858 | 10744 | 25320 | [open_context_base.py:410] _init_connect_sync: New connect ready: conn=7455112749834687487(100) context=<futu.quote.open_quote_context.OpenQuoteContext object at 0x0000020C6F9B0050>
  12:36:28 价格更新: 1个持仓
2026-04-29 12:36:28,936 | 10744 | 32936 | [open_context_base.py:518] on_disconnect: Disconnected: conn=0(100) reason=CallClose
2026-04-29 12:37:28,951 | 10744 | 25320 | [open_context_base.py:410] _init_connect_sync: New connect ready: conn=7455113001837419801(101) context=<futu.quote.open_quote_context.OpenQuoteContext object at 0x0000020C6F9B0180>
2026-04-29 12:37:28,952 | 10744 | 32936 | [open_context_base.py:518] on_disconnect: Disconnected: conn=0(101) reason=CallClose
2026-04-29 12:37:28,966 | 10744 | 25320 | [open_context_base.py:410] _init_connect_sync: New connect ready: conn=7455113001891089411(102) context=<futu.quote.open_quote_context.OpenQuoteContext object at 0x0000020C6F9B02B0>
  12:37:29 价格更新: 1个持仓
2026-04-29 12:37:29,003 | 10744 | 32936 | [open_context_base.py:518] on_disconnect: Disconnected: conn=0(102) reason=CallClose
2026-04-29 12:38:29,009 | 10744 | 25320 | [open_context_base.py:410] _init_connect_sync: New connect ready: conn=7455113253780730723(103) context=<futu.quote.open_quote_context.OpenQuoteContext object at 0x0000020C6F9B03E0>
2026-04-29 12:38:29,010 | 10744 | 32936 | [open_context_base.py:518] on_disconnect: Disconnected: conn=0(103) reason=CallClose
2026-04-29 12:38:29,011 | 10744 | 25320 | [open_context_base.py:410] _init_connect_sync: New connect ready: conn=7455113253793185941(104) context=<futu.quote.open_quote_context.OpenQuoteContext object at 0x0000020C6F9B0510>
  12:38:29 价格更新: 1个持仓
2026-04-29 12:38:29,045 | 10744 | 32936 | [open_context_base.py:518] on_disconnect: Disconnected: conn=0(104) reason=CallClose
2026-04-29 12:39:29,051 | 10744 | 25320 | [open_context_base.py:410] _init_connect_sync: New connect ready: conn=7455113505620282974(105) context=<futu.quote.open_quote_context.OpenQuoteContext object at 0x0000020C6F9B0640>
2026-04-29 12:39:29,051 | 10744 | 32936 | [open_context_base.py:518] on_disconnect: Disconnected: conn=0(105) reason=CallClose
2026-04-29 12:39:29,053 | 10744 | 25320 | [open_context_base.py:410] _init_connect_sync: New connect ready: conn=7455113505627994703(106) context=<futu.quote.open_quote_context.OpenQuoteContext object at 0x0000020C6F9B0770>
  12:39:29 价格更新: 1个持仓
2026-04-29 12:39:29,086 | 10744 | 32936 | [open_context_base.py:518] on_disconnect: Disconnected: conn=0(106) reason=CallClose
2026-04-29 12:40:29,093 | 10744 | 25320 | [open_context_base.py:410] _init_connect_sync: New connect ready: conn=7455113757450679355(107) context=<futu.quote.open_quote_context.OpenQuoteContext object at 0x0000020C6F9B08A0>
2026-04-29 12:40:29,094 | 10744 | 32936 | [open_context_base.py:518] on_disconnect: Disconnected: conn=0(107) reason=CallClose
2026-04-29 12:40:29,095 | 10744 | 25320 | [open_context_base.py:410] _init_connect_sync: New connect ready: conn=7455113757461381820(108) context=<futu.quote.open_quote_context.OpenQuoteContext object at 0x0000020C6F9B09D0>
  12:40:29 价格更新: 1个持仓
2026-04-29 12:40:29,127 | 10744 | 32936 | [open_context_base.py:518] on_disconnect: Disconnected: conn=0(108) reason=CallClose
2026-04-29 12:41:29,152 | 10744 | 25320 | [open_context_base.py:410] _init_connect_sync: New connect ready: conn=7455114009305882835(109) context=<futu.quote.open_quote_context.OpenQuoteContext object at 0x0000020C6F9B0B00>
2026-04-29 12:41:29,153 | 10744 | 32936 | [open_context_base.py:518] on_disconnect: Disconnected: conn=0(109) reason=CallClose
2026-04-29 12:41:29,165 | 10744 | 25320 | [open_context_base.py:410] _init_connect_sync: New connect ready: conn=7455114009370253099(110) context=<futu.quote.open_quote_context.OpenQuoteContext object at 0x0000020C6F9B0C30>
  12:41:29 价格更新: 1个持仓
2026-04-29 12:41:29,193 | 10744 | 32936 | [open_context_base.py:518] on_disconnect: Disconnected: conn=0(110) reason=CallClose
2026-04-29 12:42:29,206 | 10744 | 25320 | [open_context_base.py:410] _init_connect_sync: New connect ready: conn=7455114261245464930(111) context=<futu.quote.open_quote_context.OpenQuoteContext object at 0x0000020C6F9B0D60>
2026-04-29 12:42:29,207 | 10744 | 32936 | [open_context_base.py:518] on_disconnect: Disconnected: conn=0(111) reason=CallClose
2026-04-29 12:42:29,219 | 10744 | 25320 | [open_context_base.py:410] _init_connect_sync: New connect ready: conn=7455114261254568560(112) context=<futu.quote.open_quote_context.OpenQuoteContext object at 0x0000020C6F9B0E90>
  12:42:29 价格更新: 1个持仓
2026-04-29 12:42:29,249 | 10744 | 32936 | [open_context_base.py:518] on_disconnect: Disconnected: conn=0(112) reason=CallClose
2026-04-29 12:43:29,276 | 10744 | 25320 | [open_context_base.py:410] _init_connect_sync: New connect ready: conn=7455114513185190564(113) context=<futu.quote.open_quote_context.OpenQuoteContext object at 0x0000020C6F9B0FC0>
2026-04-29 12:43:29,277 | 10744 | 32936 | [open_context_base.py:518] on_disconnect: Disconnected: conn=0(113) reason=CallClose
2026-04-29 12:43:29,283 | 10744 | 25320 | [open_context_base.py:410] _init_connect_sync: New connect ready: conn=7455114513217467337(114) context=<futu.quote.open_quote_context.OpenQuoteContext object at 0x0000020C6F9B10F0>
  12:43:29 价格更新: 1个持仓
2026-04-29 12:43:29,326 | 10744 | 32936 | [open_context_base.py:518] on_disconnect: Disconnected: conn=0(114) reason=CallClose
