╔══════════════════════════════════════════════════╗
║  MarketRadar 持续模拟运行                        ║
║  A股: 9:30-15:00 | 港股: 9:30-16:00              ║
║  美股: 21:30-04:00 | 并行扫描 | 智能调度          ║
║  按 Ctrl+C 停止                                   ║
╚══════════════════════════════════════════════════╝
检测数据源...
2026-04-29 11:50:46,970 | 27524 | 27808 | [open_context_base.py:410] _init_connect_sync: New connect ready: conn=7455101249518039679(1) context=<futu.quote.open_quote_context.OpenQuoteContext object at 0x00000211BF075FD0>
++ Futu OpenD connected, using FutuFeed (realtime)

首次启动：市场开盘中，跳过盘后扫描
2026-04-29 11:50:47,023 | 27524 | 18920 | [open_context_base.py:518] on_disconnect: Disconnected: conn=0(1) reason=CallClose
持续运行中... (Ctrl+C 停止)

--- 第 1 轮A股盘中扫描 (30min) ---
2026-04-29 11:50:57,027 | 27524 | 27808 | [open_context_base.py:410] _init_connect_sync: New connect ready: conn=7455101291705132698(2) context=<futu.quote.open_quote_context.OpenQuoteContext object at 0x00000211BF8116D0>
  扫描 A_SHARE...
2026-04-29 11:50:57,029 | 27524 | 18920 | [open_context_base.py:518] on_disconnect: Disconnected: conn=0(2) reason=CallClose
2026-04-29 11:50:58,194 | 27524 | 29508 | [open_context_base.py:410] _init_connect_sync: New connect ready: conn=7455101296595879228(3) context=<futu.quote.open_quote_context.OpenQuoteContext object at 0x0000021201713C50>
  扫描 A_SHARE 第 2 批: 500-1000/4093
  A_SHARE: 无异动
2026-04-29 11:51:08,096 | 27524 | 18920 | [open_context_base.py:518] on_disconnect: Disconnected: conn=0(3) reason=CallClose

  盘中总计: 0 个补牢机会

--- 第 2 轮港股盘中扫描 (30min) ---
2026-04-29 11:51:08,100 | 27524 | 27808 | [open_context_base.py:410] _init_connect_sync: New connect ready: conn=7455101338146409580(4) context=<futu.quote.open_quote_context.OpenQuoteContext object at 0x000002120174EEA0>
  2026-04-29 11:51:08,102 | 27524 | 18920 | [open_context_base.py:518] on_disconnect: Disconnected: conn=0(4) reason=CallClose
扫描 HK...
2026-04-29 11:51:08,116 | 27524 | 26856 | [open_context_base.py:410] _init_connect_sync: New connect ready: conn=7455101338215739654(5) context=<futu.quote.open_quote_context.OpenQuoteContext object at 0x0000021201990C30>
  扫描 HK 第 4 批: 600-800/1338
  HK: 无异动
2026-04-29 11:51:09,463 | 27524 | 18920 | [open_context_base.py:518] on_disconnect: Disconnected: conn=0(5) reason=CallClose

  盘中总计: 0 个补牢机会
2026-04-29 11:51:09,466 | 27524 | 27808 | [open_context_base.py:410] _init_connect_sync: New connect ready: conn=7455101343879630678(6) context=<futu.quote.open_quote_context.OpenQuoteContext object at 0x00000211BF74B820>
2026-04-29 11:51:09,466 | 27524 | 18920 | [open_context_base.py:518] on_disconnect: Disconnected: conn=0(6) reason=CallClose
2026-04-29 11:51:09,468 | 27524 | 27808 | [open_context_base.py:410] _init_connect_sync: New connect ready: conn=7455101343884521106(7) context=<futu.quote.open_quote_context.OpenQuoteContext object at 0x0000021201991F30>
[M9] 无法获取价格: 000651.SZ
2026-04-29 11:51:09,470 | 27524 | 18920 | [open_context_base.py:518] on_disconnect: Disconnected: conn=0(7) reason=CallClose
2026-04-29 11:51:59,580 | 27524 | 27808 | [open_context_base.py:410] _init_connect_sync: New connect ready: conn=7455101554056450159(8) context=<futu.quote.open_quote_context.OpenQuoteContext object at 0x0000021201992060>
2026-04-29 11:51:59,583 | 27524 | 18920 | [open_context_base.py:518] on_disconnect: Disconnected: conn=0(8) reason=CallClose
2026-04-29 11:51:59,732 | 27524 | 27808 | [open_context_base.py:410] _init_connect_sync: New connect ready: conn=7455101554701930552(9) context=<futu.quote.open_quote_context.OpenQuoteContext object at 0x00000212019909D0>
  11:51:59 价格更新: 1个持仓
2026-04-29 11:51:59,840 | 27524 | 18920 | [open_context_base.py:518] on_disconnect: Disconnected: conn=0(9) reason=CallClose
2026-04-29 11:52:59,858 | 27524 | 27808 | [open_context_base.py:410] _init_connect_sync: New connect ready: conn=7455101806841850991(10) context=<futu.quote.open_quote_context.OpenQuoteContext object at 0x00000212019908A0>
2026-04-29 11:52:59,859 | 27524 | 18920 | [open_context_base.py:518] on_disconnect: Disconnected: conn=0(10) reason=CallClose
2026-04-29 11:52:59,872 | 27524 | 27808 | [open_context_base.py:410] _init_connect_sync: New connect ready: conn=7455101806909286987(11) context=<futu.quote.open_quote_context.OpenQuoteContext object at 0x0000021201990770>
  11:52:59 价格更新: 1个持仓
2026-04-29 11:52:59,913 | 27524 | 18920 | [open_context_base.py:518] on_disconnect: Disconnected: conn=0(11) reason=CallClose
2026-04-29 11:53:59,930 | 27524 | 27808 | [open_context_base.py:410] _init_connect_sync: New connect ready: conn=7455102058801504990(12) context=<futu.quote.open_quote_context.OpenQuoteContext object at 0x0000021201990640>
2026-04-29 11:53:59,931 | 27524 | 18920 | [open_context_base.py:518] on_disconnect: Disconnected: conn=0(12) reason=CallClose
2026-04-29 11:53:59,943 | 27524 | 27808 | [open_context_base.py:410] _init_connect_sync: New connect ready: conn=7455102058868293740(13) context=<futu.quote.open_quote_context.OpenQuoteContext object at 0x0000021201990B00>
  11:53:59 价格更新: 1个持仓
2026-04-29 11:53:59,977 | 27524 | 18920 | [open_context_base.py:518] on_disconnect: Disconnected: conn=0(13) reason=CallClose
2026-04-29 11:54:59,993 | 27524 | 27808 | [open_context_base.py:410] _init_connect_sync: New connect ready: conn=7455102310729305668(14) context=<futu.quote.open_quote_context.OpenQuoteContext object at 0x0000021201992190>
2026-04-29 11:54:59,994 | 27524 | 18920 | [open_context_base.py:518] on_disconnect: Disconnected: conn=0(14) reason=CallClose
2026-04-29 11:54:59,995 | 27524 | 27808 | [open_context_base.py:410] _init_connect_sync: New connect ready: conn=7455102310786097246(15) context=<futu.quote.open_quote_context.OpenQuoteContext object at 0x00000212019922C0>
  11:55:00 价格更新: 1个持仓
2026-04-29 11:55:00,038 | 27524 | 18920 | [open_context_base.py:518] on_disconnect: Disconnected: conn=0(15) reason=CallClose
2026-04-29 11:56:00,044 | 27524 | 27808 | [open_context_base.py:410] _init_connect_sync: New connect ready: conn=7455102562645268819(16) context=<futu.quote.open_quote_context.OpenQuoteContext object at 0x00000212019923F0>
2026-04-29 11:56:00,045 | 27524 | 18920 | [open_context_base.py:518] on_disconnect: Disconnected: conn=0(16) reason=CallClose
2026-04-29 11:56:00,058 | 27524 | 27808 | [open_context_base.py:410] _init_connect_sync: New connect ready: conn=7455102562661367544(17) context=<futu.quote.open_quote_context.OpenQuoteContext object at 0x0000021201992520>
  11:56:00 价格更新: 1个持仓
2026-04-29 11:56:00,091 | 27524 | 18920 | [open_context_base.py:518] on_disconnect: Disconnected: conn=0(17) reason=CallClose
2026-04-29 11:57:00,096 | 27524 | 27808 | [open_context_base.py:410] _init_connect_sync: New connect ready: conn=7455102814528365177(18) context=<futu.quote.open_quote_context.OpenQuoteContext object at 0x0000021201992650>
2026-04-29 11:57:00,097 | 27524 | 18920 | [open_context_base.py:518] on_disconnect: Disconnected: conn=0(18) reason=CallClose
2026-04-29 11:57:00,109 | 27524 | 27808 | [open_context_base.py:410] _init_connect_sync: New connect ready: conn=7455102814538149122(19) context=<futu.quote.open_quote_context.OpenQuoteContext object at 0x0000021201992780>
  11:57:00 价格更新: 1个持仓
2026-04-29 11:57:00,182 | 27524 | 18920 | [open_context_base.py:518] on_disconnect: Disconnected: conn=0(19) reason=CallClose
2026-04-29 11:58:00,197 | 27524 | 27808 | [open_context_base.py:410] _init_connect_sync: New connect ready: conn=7455103066565735934(20) context=<futu.quote.open_quote_context.OpenQuoteContext object at 0x00000212019928B0>
2026-04-29 11:58:00,198 | 27524 | 18920 | [open_context_base.py:518] on_disconnect: Disconnected: conn=0(20) reason=CallClose
2026-04-29 11:58:00,212 | 27524 | 27808 | [open_context_base.py:410] _init_connect_sync: New connect ready: conn=7455103066619050331(21) context=<futu.quote.open_quote_context.OpenQuoteContext object at 0x00000212019929E0>
  11:58:00 价格更新: 1个持仓
2026-04-29 11:58:00,260 | 27524 | 18920 | [open_context_base.py:518] on_disconnect: Disconnected: conn=0(21) reason=CallClose
2026-04-29 11:59:00,264 | 27524 | 27808 | [open_context_base.py:410] _init_connect_sync: New connect ready: conn=7455103318548959237(22) context=<futu.quote.open_quote_context.OpenQuoteContext object at 0x0000021201992B10>
2026-04-29 11:59:00,265 | 27524 | 18920 | [open_context_base.py:518] on_disconnect: Disconnected: conn=0(22) reason=CallClose
2026-04-29 11:59:00,267 | 27524 | 27808 | [open_context_base.py:410] _init_connect_sync: New connect ready: conn=7455103318559283883(23) context=<futu.quote.open_quote_context.OpenQuoteContext object at 0x0000021201992C40>
  11:59:00 价格更新: 1个持仓
2026-04-29 11:59:00,348 | 27524 | 18920 | [open_context_base.py:518] on_disconnect: Disconnected: conn=0(23) reason=CallClose
2026-04-29 12:00:00,351 | 27524 | 27808 | [open_context_base.py:410] _init_connect_sync: New connect ready: conn=7455103570570217356(24) context=<futu.quote.open_quote_context.OpenQuoteContext object at 0x0000021201992D70>
2026-04-29 12:00:00,352 | 27524 | 18920 | [open_context_base.py:518] on_disconnect: Disconnected: conn=0(24) reason=CallClose
2026-04-29 12:00:00,354 | 27524 | 27808 | [open_context_base.py:410] _init_connect_sync: New connect ready: conn=7455103570583403373(25) context=<futu.quote.open_quote_context.OpenQuoteContext object at 0x0000021201992EA0>
  12:00:00 价格更新: 1个持仓
2026-04-29 12:00:00,383 | 27524 | 18920 | [open_context_base.py:518] on_disconnect: Disconnected: conn=0(25) reason=CallClose
2026-04-29 12:01:00,391 | 27524 | 27808 | [open_context_base.py:410] _init_connect_sync: New connect ready: conn=7455103822390913405(26) context=<futu.quote.open_quote_context.OpenQuoteContext object at 0x0000021201992FD0>
2026-04-29 12:01:00,391 | 27524 | 18920 | [open_context_base.py:518] on_disconnect: Disconnected: conn=0(26) reason=CallClose
2026-04-29 12:01:00,404 | 27524 | 27808 | [open_context_base.py:410] _init_connect_sync: New connect ready: conn=7455103822407021379(27) context=<futu.quote.open_quote_context.OpenQuoteContext object at 0x0000021201993100>
  12:01:00 价格更新: 1个持仓
2026-04-29 12:01:00,434 | 27524 | 18920 | [open_context_base.py:518] on_disconnect: Disconnected: conn=0(27) reason=CallClose
2026-04-29 12:02:00,449 | 27524 | 27808 | [open_context_base.py:410] _init_connect_sync: New connect ready: conn=7455104074250497341(28) context=<futu.quote.open_quote_context.OpenQuoteContext object at 0x0000021201993230>
2026-04-29 12:02:00,449 | 27524 | 18920 | [open_context_base.py:518] on_disconnect: Disconnected: conn=0(28) reason=CallClose
2026-04-29 12:02:00,451 | 27524 | 27808 | [open_context_base.py:410] _init_connect_sync: New connect ready: conn=7455104074308259070(29) context=<futu.quote.open_quote_context.OpenQuoteContext object at 0x0000021201993360>
  12:02:00 价格更新: 1个持仓
2026-04-29 12:02:00,507 | 27524 | 18920 | [open_context_base.py:518] on_disconnect: Disconnected: conn=0(29) reason=CallClose
2026-04-29 12:03:00,523 | 27524 | 27808 | [open_context_base.py:410] _init_connect_sync: New connect ready: conn=7455104326213364509(30) context=<futu.quote.open_quote_context.OpenQuoteContext object at 0x0000021201993490>
2026-04-29 12:03:00,524 | 27524 | 18920 | [open_context_base.py:518] on_disconnect: Disconnected: conn=0(30) reason=CallClose
2026-04-29 12:03:00,526 | 27524 | 27808 | [open_context_base.py:410] _init_connect_sync: New connect ready: conn=7455104326279770834(31) context=<futu.quote.open_quote_context.OpenQuoteContext object at 0x00000212019935C0>
  12:03:00 价格更新: 1个持仓
2026-04-29 12:03:00,682 | 27524 | 18920 | [open_context_base.py:518] on_disconnect: Disconnected: conn=0(31) reason=CallClose
2026-04-29 12:04:00,699 | 27524 | 27808 | [open_context_base.py:410] _init_connect_sync: New connect ready: conn=7455104578613436975(32) context=<futu.quote.open_quote_context.OpenQuoteContext object at 0x00000212019936F0>
2026-04-29 12:04:00,700 | 27524 | 18920 | [open_context_base.py:518] on_disconnect: Disconnected: conn=0(32) reason=CallClose
2026-04-29 12:04:00,714 | 27524 | 27808 | [open_context_base.py:410] _init_connect_sync: New connect ready: conn=7455104578676109969(33) context=<futu.quote.open_quote_context.OpenQuoteContext object at 0x0000021201993820>
  12:04:00 价格更新: 1个持仓
2026-04-29 12:04:00,744 | 27524 | 18920 | [open_context_base.py:518] on_disconnect: Disconnected: conn=0(33) reason=CallClose
2026-04-29 12:05:00,749 | 27524 | 27808 | [open_context_base.py:410] _init_connect_sync: New connect ready: conn=7455104830531999422(34) context=<futu.quote.open_quote_context.OpenQuoteContext object at 0x0000021201993950>
2026-04-29 12:05:00,750 | 27524 | 18920 | [open_context_base.py:518] on_disconnect: Disconnected: conn=0(34) reason=CallClose
2026-04-29 12:05:00,753 | 27524 | 27808 | [open_context_base.py:410] _init_connect_sync: New connect ready: conn=7455104830548182843(35) context=<futu.quote.open_quote_context.OpenQuoteContext object at 0x0000021201993A80>
  12:05:00 价格更新: 1个持仓
2026-04-29 12:05:00,796 | 27524 | 18920 | [open_context_base.py:518] on_disconnect: Disconnected: conn=0(35) reason=CallClose
2026-04-29 12:06:00,817 | 27524 | 27808 | [open_context_base.py:410] _init_connect_sync: New connect ready: conn=7455105082428554883(36) context=<futu.quote.open_quote_context.OpenQuoteContext object at 0x0000021201993BB0>
2026-04-29 12:06:00,818 | 27524 | 18920 | [open_context_base.py:518] on_disconnect: Disconnected: conn=0(36) reason=CallClose
2026-04-29 12:06:00,830 | 27524 | 27808 | [open_context_base.py:410] _init_connect_sync: New connect ready: conn=7455105082485352492(37) context=<futu.quote.open_quote_context.OpenQuoteContext object at 0x0000021201993CE0>
  12:06:00 价格更新: 1个持仓
2026-04-29 12:06:00,861 | 27524 | 18920 | [open_context_base.py:518] on_disconnect: Disconnected: conn=0(37) reason=CallClose
2026-04-29 12:07:00,865 | 27524 | 27808 | [open_context_base.py:410] _init_connect_sync: New connect ready: conn=7455105334336070002(38) context=<futu.quote.open_quote_context.OpenQuoteContext object at 0x0000021201993E10>
2026-04-29 12:07:00,866 | 27524 | 18920 | [open_context_base.py:518] on_disconnect: Disconnected: conn=0(38) reason=CallClose
2026-04-29 12:07:00,868 | 27524 | 27808 | [open_context_base.py:410] _init_connect_sync: New connect ready: conn=7455105334348450160(39) context=<futu.quote.open_quote_context.OpenQuoteContext object at 0x00000211C08E0050>
  12:07:00 价格更新: 1个持仓
2026-04-29 12:07:00,897 | 27524 | 18920 | [open_context_base.py:518] on_disconnect: Disconnected: conn=0(39) reason=CallClose
2026-04-29 12:08:00,913 | 27524 | 27808 | [open_context_base.py:410] _init_connect_sync: New connect ready: conn=7455105586143929474(40) context=<futu.quote.open_quote_context.OpenQuoteContext object at 0x00000211C08E0180>
2026-04-29 12:08:00,913 | 27524 | 18920 | [open_context_base.py:518] on_disconnect: Disconnected: conn=0(40) reason=CallClose
2026-04-29 12:08:00,915 | 27524 | 27808 | [open_context_base.py:410] _init_connect_sync: New connect ready: conn=7455105586201862210(41) context=<futu.quote.open_quote_context.OpenQuoteContext object at 0x00000211C08E02B0>
  12:08:00 价格更新: 1个持仓
2026-04-29 12:08:00,951 | 27524 | 18920 | [open_context_base.py:518] on_disconnect: Disconnected: conn=0(41) reason=CallClose
2026-04-29 12:09:00,957 | 27524 | 27808 | [open_context_base.py:410] _init_connect_sync: New connect ready: conn=7455105838038487125(42) context=<futu.quote.open_quote_context.OpenQuoteContext object at 0x00000211C08E03E0>
2026-04-29 12:09:00,958 | 27524 | 18920 | [open_context_base.py:518] on_disconnect: Disconnected: conn=0(42) reason=CallClose
2026-04-29 12:09:00,959 | 27524 | 27808 | [open_context_base.py:410] _init_connect_sync: New connect ready: conn=7455105838045787180(43) context=<futu.quote.open_quote_context.OpenQuoteContext object at 0x00000211C08E0510>
  12:09:00 价格更新: 1个持仓
2026-04-29 12:09:00,995 | 27524 | 18920 | [open_context_base.py:518] on_disconnect: Disconnected: conn=0(43) reason=CallClose
2026-04-29 12:10:01,013 | 27524 | 27808 | [open_context_base.py:410] _init_connect_sync: New connect ready: conn=7455106089881929936(44) context=<futu.quote.open_quote_context.OpenQuoteContext object at 0x00000211C08E0640>
2026-04-29 12:10:01,014 | 27524 | 18920 | [open_context_base.py:518] on_disconnect: Disconnected: conn=0(44) reason=CallClose
2026-04-29 12:10:01,026 | 27524 | 27808 | [open_context_base.py:410] _init_connect_sync: New connect ready: conn=7455106089941833947(45) context=<futu.quote.open_quote_context.OpenQuoteContext object at 0x00000211C08E0770>
  12:10:01 价格更新: 1个持仓
2026-04-29 12:10:01,067 | 27524 | 18920 | [open_context_base.py:518] on_disconnect: Disconnected: conn=0(45) reason=CallClose
2026-04-29 12:11:01,071 | 27524 | 27808 | [open_context_base.py:410] _init_connect_sync: New connect ready: conn=7455106341831570899(46) context=<futu.quote.open_quote_context.OpenQuoteContext object at 0x00000211C08E08A0>
2026-04-29 12:11:01,072 | 27524 | 18920 | [open_context_base.py:518] on_disconnect: Disconnected: conn=0(46) reason=CallClose
2026-04-29 12:11:01,074 | 27524 | 27808 | [open_context_base.py:410] _init_connect_sync: New connect ready: conn=7455106341845805277(47) context=<futu.quote.open_quote_context.OpenQuoteContext object at 0x00000211C08E09D0>
  12:11:01 价格更新: 1个持仓
2026-04-29 12:11:01,114 | 27524 | 18920 | [open_context_base.py:518] on_disconnect: Disconnected: conn=0(47) reason=CallClose
2026-04-29 12:12:01,129 | 27524 | 27808 | [open_context_base.py:410] _init_connect_sync: New connect ready: conn=7455106593686949655(48) context=<futu.quote.open_quote_context.OpenQuoteContext object at 0x00000211C08E0B00>
2026-04-29 12:12:01,130 | 27524 | 18920 | [open_context_base.py:518] on_disconnect: Disconnected: conn=0(48) reason=CallClose
2026-04-29 12:12:01,132 | 27524 | 27808 | [open_context_base.py:410] _init_connect_sync: New connect ready: conn=7455106593746083956(49) context=<futu.quote.open_quote_context.OpenQuoteContext object at 0x00000211C08E0C30>
  12:12:01 价格更新: 1个持仓
2026-04-29 12:12:01,205 | 27524 | 18920 | [open_context_base.py:518] on_disconnect: Disconnected: conn=0(49) reason=CallClose
2026-04-29 12:13:01,221 | 27524 | 27808 | [open_context_base.py:410] _init_connect_sync: New connect ready: conn=7455106845723945149(50) context=<futu.quote.open_quote_context.OpenQuoteContext object at 0x00000211C08E0D60>
2026-04-29 12:13:01,222 | 27524 | 18920 | [open_context_base.py:518] on_disconnect: Disconnected: conn=0(50) reason=CallClose
2026-04-29 12:13:01,224 | 27524 | 27808 | [open_context_base.py:410] _init_connect_sync: New connect ready: conn=7455106845790986606(51) context=<futu.quote.open_quote_context.OpenQuoteContext object at 0x00000211C08E0E90>
  12:13:01 价格更新: 1个持仓
2026-04-29 12:13:01,264 | 27524 | 18920 | [open_context_base.py:518] on_disconnect: Disconnected: conn=0(51) reason=CallClose
2026-04-29 12:14:01,282 | 27524 | 27808 | [open_context_base.py:410] _init_connect_sync: New connect ready: conn=7455107097644807897(52) context=<futu.quote.open_quote_context.OpenQuoteContext object at 0x00000211C08E0FC0>
2026-04-29 12:14:01,283 | 27524 | 18920 | [open_context_base.py:518] on_disconnect: Disconnected: conn=0(52) reason=CallClose
2026-04-29 12:14:01,296 | 27524 | 27808 | [open_context_base.py:410] _init_connect_sync: New connect ready: conn=7455107097705313972(53) context=<futu.quote.open_quote_context.OpenQuoteContext object at 0x00000211C08E10F0>
  12:14:01 价格更新: 1个持仓
2026-04-29 12:14:01,327 | 27524 | 18920 | [open_context_base.py:518] on_disconnect: Disconnected: conn=0(53) reason=CallClose
2026-04-29 12:15:01,344 | 27524 | 27808 | [open_context_base.py:410] _init_connect_sync: New connect ready: conn=7455107349557503378(54) context=<futu.quote.open_quote_context.OpenQuoteContext object at 0x00000211C08E1220>
2026-04-29 12:15:01,345 | 27524 | 18920 | [open_context_base.py:518] on_disconnect: Disconnected: conn=0(54) reason=CallClose
2026-04-29 12:15:01,347 | 27524 | 27808 | [open_context_base.py:410] _init_connect_sync: New connect ready: conn=7455107349621290687(55) context=<futu.quote.open_quote_context.OpenQuoteContext object at 0x00000211C08E1350>
  12:15:01 价格更新: 1个持仓
2026-04-29 12:15:01,385 | 27524 | 18920 | [open_context_base.py:518] on_disconnect: Disconnected: conn=0(55) reason=CallClose
2026-04-29 12:16:01,402 | 27524 | 27808 | [open_context_base.py:410] _init_connect_sync: New connect ready: conn=7455107601455409732(56) context=<futu.quote.open_quote_context.OpenQuoteContext object at 0x00000211C08E1480>
2026-04-29 12:16:01,403 | 27524 | 18920 | [open_context_base.py:518] on_disconnect: Disconnected: conn=0(56) reason=CallClose
2026-04-29 12:16:01,404 | 27524 | 27808 | [open_context_base.py:410] _init_connect_sync: New connect ready: conn=7455107601524914603(57) context=<futu.quote.open_quote_context.OpenQuoteContext object at 0x00000211C08E15B0>
  12:16:01 价格更新: 1个持仓
2026-04-29 12:16:01,435 | 27524 | 18920 | [open_context_base.py:518] on_disconnect: Disconnected: conn=0(57) reason=CallClose
2026-04-29 12:17:01,453 | 27524 | 27808 | [open_context_base.py:410] _init_connect_sync: New connect ready: conn=7455107853330786088(58) context=<futu.quote.open_quote_context.OpenQuoteContext object at 0x00000211C08E16E0>
2026-04-29 12:17:01,454 | 27524 | 18920 | [open_context_base.py:518] on_disconnect: Disconnected: conn=0(58) reason=CallClose
2026-04-29 12:17:01,456 | 27524 | 27808 | [open_context_base.py:410] _init_connect_sync: New connect ready: conn=7455107853396117149(59) context=<futu.quote.open_quote_context.OpenQuoteContext object at 0x00000211C08E1810>
  12:17:01 价格更新: 1个持仓
2026-04-29 12:17:01,488 | 27524 | 18920 | [open_context_base.py:518] on_disconnect: Disconnected: conn=0(59) reason=CallClose
2026-04-29 12:18:01,491 | 27524 | 27808 | [open_context_base.py:410] _init_connect_sync: New connect ready: conn=7455108105198992783(60) context=<futu.quote.open_quote_context.OpenQuoteContext object at 0x00000211C08E1940>
2026-04-29 12:18:01,492 | 27524 | 18920 | [open_context_base.py:518] on_disconnect: Disconnected: conn=0(60) reason=CallClose
2026-04-29 12:18:01,505 | 27524 | 27808 | [open_context_base.py:410] _init_connect_sync: New connect ready: conn=7455108105214338331(61) context=<futu.quote.open_quote_context.OpenQuoteContext object at 0x00000211C08E1A70>
  12:18:01 价格更新: 1个持仓
2026-04-29 12:18:01,540 | 27524 | 18920 | [open_context_base.py:518] on_disconnect: Disconnected: conn=0(61) reason=CallClose
2026-04-29 12:19:01,557 | 27524 | 27808 | [open_context_base.py:410] _init_connect_sync: New connect ready: conn=7455108357089977871(62) context=<futu.quote.open_quote_context.OpenQuoteContext object at 0x00000211C08E1BA0>
2026-04-29 12:19:01,558 | 27524 | 18920 | [open_context_base.py:518] on_disconnect: Disconnected: conn=0(62) reason=CallClose
2026-04-29 12:19:01,570 | 27524 | 27808 | [open_context_base.py:410] _init_connect_sync: New connect ready: conn=7455108357149410187(63) context=<futu.quote.open_quote_context.OpenQuoteContext object at 0x00000211C08E1CD0>
  12:19:01 价格更新: 1个持仓
2026-04-29 12:19:01,604 | 27524 | 18920 | [open_context_base.py:518] on_disconnect: Disconnected: conn=0(63) reason=CallClose
2026-04-29 12:20:01,626 | 27524 | 27808 | [open_context_base.py:410] _init_connect_sync: New connect ready: conn=7455108609011188962(64) context=<futu.quote.open_quote_context.OpenQuoteContext object at 0x00000211C08E1E00>
2026-04-29 12:20:01,627 | 27524 | 18920 | [open_context_base.py:518] on_disconnect: Disconnected: conn=0(64) reason=CallClose
2026-04-29 12:20:01,640 | 27524 | 27808 | [open_context_base.py:410] _init_connect_sync: New connect ready: conn=7455108609094903887(65) context=<futu.quote.open_quote_context.OpenQuoteContext object at 0x00000211C08E1F30>
  12:20:01 价格更新: 1个持仓
2026-04-29 12:20:01,677 | 27524 | 18920 | [open_context_base.py:518] on_disconnect: Disconnected: conn=0(65) reason=CallClose

--- 第 3 轮A股盘中扫描 (30min) ---
2026-04-29 12:21:01,692 | 27524 | 27808 | [open_context_base.py:410] _init_connect_sync: New connect ready: conn=7455108860976210175(66) context=<futu.quote.open_quote_context.OpenQuoteContext object at 0x00000211C08E2060>
  扫描 A_SHARE...2026-04-29 12:21:01,694 | 27524 | 18920 | [open_context_base.py:518] on_disconnect: Disconnected: conn=0(66) reason=CallClose

2026-04-29 12:21:01,716 | 27524 | 21032 | [open_context_base.py:410] _init_connect_sync: New connect ready: conn=7455108861076340406(67) context=<futu.quote.open_quote_context.OpenQuoteContext object at 0x00000211C08E2780>
  扫描 A_SHARE 第 8 批: 3500-4000/4093
  A_SHARE: 无异动
2026-04-29 12:21:06,578 | 27524 | 18920 | [open_context_base.py:518] on_disconnect: Disconnected: conn=0(67) reason=CallClose

  盘中总计: 0 个补牢机会

--- 第 4 轮港股盘中扫描 (30min) ---
2026-04-29 12:21:06,582 | 27524 | 27808 | [open_context_base.py:410] _init_connect_sync: New connect ready: conn=7455108881528330270(68) context=<futu.quote.open_quote_context.OpenQuoteContext object at 0x00000211C08E2190>
  扫描 HK...
2026-04-29 12:21:06,584 | 27524 | 18920 | [open_context_base.py:518] on_disconnect: Disconnected: conn=0(68) reason=CallClose
2026-04-29 12:21:06,598 | 27524 | 35596 | [open_context_base.py:410] _init_connect_sync: New connect ready: conn=7455108881595815173(69) context=<futu.quote.open_quote_context.OpenQuoteContext object at 0x00000211C08E3BB0>
  扫描 HK 第 3 批: 400-600/1338
  HK: 无异动
2026-04-29 12:21:06,668 | 27524 | 18920 | [open_context_base.py:518] on_disconnect: Disconnected: conn=0(69) reason=CallClose

  盘中总计: 0 个补牢机会
2026-04-29 12:21:06,671 | 27524 | 27808 | [open_context_base.py:410] _init_connect_sync: New connect ready: conn=7455108881899959594(70) context=<futu.quote.open_quote_context.OpenQuoteContext object at 0x00000211C08E2650>
2026-04-29 12:21:06,672 | 27524 | 18920 | [open_context_base.py:518] on_disconnect: Disconnected: conn=0(70) reason=CallClose
2026-04-29 12:21:06,674 | 27524 | 27808 | [open_context_base.py:410] _init_connect_sync: New connect ready: conn=7455108881915839212(71) context=<futu.quote.open_quote_context.OpenQuoteContext object at 0x00000211C08E2520>
[M9] 无法获取价格: 000651.SZ
2026-04-29 12:21:06,676 | 27524 | 18920 | [open_context_base.py:518] on_disconnect: Disconnected: conn=0(71) reason=CallClose
2026-04-29 12:22:06,680 | 27524 | 27808 | [open_context_base.py:410] _init_connect_sync: New connect ready: conn=7455109133593400820(72) context=<futu.quote.open_quote_context.OpenQuoteContext object at 0x00000211C08E23F0>
2026-04-29 12:22:06,681 | 27524 | 18920 | [open_context_base.py:518] on_disconnect: Disconnected: conn=0(72) reason=CallClose
2026-04-29 12:22:06,683 | 27524 | 27808 | [open_context_base.py:410] _init_connect_sync: New connect ready: conn=7455109133605711436(73) context=<futu.quote.open_quote_context.OpenQuoteContext object at 0x00000211C08E28B0>
  12:22:06 价格更新: 1个持仓
2026-04-29 12:22:06,722 | 27524 | 18920 | [open_context_base.py:518] on_disconnect: Disconnected: conn=0(73) reason=CallClose
2026-04-29 12:23:06,726 | 27524 | 27808 | [open_context_base.py:410] _init_connect_sync: New connect ready: conn=7455109385449383766(74) context=<futu.quote.open_quote_context.OpenQuoteContext object at 0x00000211C08E2B10>
2026-04-29 12:23:06,727 | 27524 | 18920 | [open_context_base.py:518] on_disconnect: Disconnected: conn=0(74) reason=CallClose
2026-04-29 12:23:06,729 | 27524 | 27808 | [open_context_base.py:410] _init_connect_sync: New connect ready: conn=7455109385463161382(75) context=<futu.quote.open_quote_context.OpenQuoteContext object at 0x00000211C08E22C0>
  12:23:06 价格更新: 1个持仓
2026-04-29 12:23:06,764 | 27524 | 18920 | [open_context_base.py:518] on_disconnect: Disconnected: conn=0(75) reason=CallClose
2026-04-29 12:24:06,782 | 27524 | 27808 | [open_context_base.py:410] _init_connect_sync: New connect ready: conn=7455109637297419062(76) context=<futu.quote.open_quote_context.OpenQuoteContext object at 0x00000211C08E29E0>
2026-04-29 12:24:06,783 | 27524 | 18920 | [open_context_base.py:518] on_disconnect: Disconnected: conn=0(76) reason=CallClose
2026-04-29 12:24:06,796 | 27524 | 27808 | [open_context_base.py:410] _init_connect_sync: New connect ready: conn=7455109637355468718(77) context=<futu.quote.open_quote_context.OpenQuoteContext object at 0x00000211C08E2C40>
  12:24:06 价格更新: 1个持仓
2026-04-29 12:24:06,831 | 27524 | 18920 | [open_context_base.py:518] on_disconnect: Disconnected: conn=0(77) reason=CallClose
2026-04-29 12:25:06,848 | 27524 | 27808 | [open_context_base.py:410] _init_connect_sync: New connect ready: conn=7455109889224975127(78) context=<futu.quote.open_quote_context.OpenQuoteContext object at 0x00000211C08E2D70>
2026-04-29 12:25:06,849 | 27524 | 18920 | [open_context_base.py:518] on_disconnect: Disconnected: conn=0(78) reason=CallClose
2026-04-29 12:25:06,852 | 27524 | 27808 | [open_context_base.py:410] _init_connect_sync: New connect ready: conn=7455109889288459836(79) context=<futu.quote.open_quote_context.OpenQuoteContext object at 0x00000211C08E3360>
  12:25:06 价格更新: 1个持仓
2026-04-29 12:25:06,890 | 27524 | 18920 | [open_context_base.py:518] on_disconnect: Disconnected: conn=0(79) reason=CallClose
2026-04-29 12:26:06,895 | 27524 | 27808 | [open_context_base.py:410] _init_connect_sync: New connect ready: conn=7455110141131368219(80) context=<futu.quote.open_quote_context.OpenQuoteContext object at 0x00000211C08E2EA0>
2026-04-29 12:26:06,896 | 27524 | 18920 | [open_context_base.py:518] on_disconnect: Disconnected: conn=0(80) reason=CallClose
2026-04-29 12:26:06,899 | 27524 | 27808 | [open_context_base.py:410] _init_connect_sync: New connect ready: conn=7455110141146738286(81) context=<futu.quote.open_quote_context.OpenQuoteContext object at 0x00000211C08E3100>
  12:26:06 价格更新: 1个持仓
2026-04-29 12:26:06,939 | 27524 | 18920 | [open_context_base.py:518] on_disconnect: Disconnected: conn=0(81) reason=CallClose
2026-04-29 12:27:06,954 | 27524 | 27808 | [open_context_base.py:410] _init_connect_sync: New connect ready: conn=7455110392997595418(82) context=<futu.quote.open_quote_context.OpenQuoteContext object at 0x00000211C08E2FD0>
2026-04-29 12:27:06,955 | 27524 | 18920 | [open_context_base.py:518] on_disconnect: Disconnected: conn=0(82) reason=CallClose
2026-04-29 12:27:06,969 | 27524 | 27808 | [open_context_base.py:410] _init_connect_sync: New connect ready: conn=7455110393051766058(83) context=<futu.quote.open_quote_context.OpenQuoteContext object at 0x00000211C08E3490>
  12:27:07 价格更新: 1个持仓
2026-04-29 12:27:07,021 | 27524 | 18920 | [open_context_base.py:518] on_disconnect: Disconnected: conn=0(83) reason=CallClose
2026-04-29 12:28:07,026 | 27524 | 27808 | [open_context_base.py:410] _init_connect_sync: New connect ready: conn=7455110644998222858(84) context=<futu.quote.open_quote_context.OpenQuoteContext object at 0x00000211C08E3A80>
2026-04-29 12:28:07,027 | 27524 | 18920 | [open_context_base.py:518] on_disconnect: Disconnected: conn=0(84) reason=CallClose
2026-04-29 12:28:07,029 | 27524 | 27808 | [open_context_base.py:410] _init_connect_sync: New connect ready: conn=7455110645009156036(85) context=<futu.quote.open_quote_context.OpenQuoteContext object at 0x00000211C08E3950>
  12:28:07 价格更新: 1个持仓
2026-04-29 12:28:07,089 | 27524 | 18920 | [open_context_base.py:518] on_disconnect: Disconnected: conn=0(85) reason=CallClose
2026-04-29 12:29:07,105 | 27524 | 27808 | [open_context_base.py:410] _init_connect_sync: New connect ready: conn=7455110896935921382(86) context=<futu.quote.open_quote_context.OpenQuoteContext object at 0x00000211C08E3820>
2026-04-29 12:29:07,106 | 27524 | 18920 | [open_context_base.py:518] on_disconnect: Disconnected: conn=0(86) reason=CallClose
2026-04-29 12:29:07,119 | 27524 | 27808 | [open_context_base.py:410] _init_connect_sync: New connect ready: conn=7455110896997491416(87) context=<futu.quote.open_quote_context.OpenQuoteContext object at 0x00000211C08E36F0>
  12:29:07 价格更新: 1个持仓
2026-04-29 12:29:07,155 | 27524 | 18920 | [open_context_base.py:518] on_disconnect: Disconnected: conn=0(87) reason=CallClose
2026-04-29 12:30:07,172 | 27524 | 27808 | [open_context_base.py:410] _init_connect_sync: New connect ready: conn=7455111148873126496(88) context=<futu.quote.open_quote_context.OpenQuoteContext object at 0x00000211C08E35C0>
2026-04-29 12:30:07,173 | 27524 | 18920 | [open_context_base.py:518] on_disconnect: Disconnected: conn=0(88) reason=CallClose
2026-04-29 12:30:07,176 | 27524 | 27808 | [open_context_base.py:410] _init_connect_sync: New connect ready: conn=7455111148940812239(89) context=<futu.quote.open_quote_context.OpenQuoteContext object at 0x00000211C08E3230>
  12:30:07 价格更新: 1个持仓
2026-04-29 12:30:07,208 | 27524 | 18920 | [open_context_base.py:518] on_disconnect: Disconnected: conn=0(89) reason=CallClose
2026-04-29 12:31:07,212 | 27524 | 27808 | [open_context_base.py:410] _init_connect_sync: New connect ready: conn=7455111400753106997(90) context=<futu.quote.open_quote_context.OpenQuoteContext object at 0x00000211C08E3CE0>
2026-04-29 12:31:07,213 | 27524 | 18920 | [open_context_base.py:518] on_disconnect: Disconnected: conn=0(90) reason=CallClose
2026-04-29 12:31:07,214 | 27524 | 27808 | [open_context_base.py:410] _init_connect_sync: New connect ready: conn=7455111400763378880(91) context=<futu.quote.open_quote_context.OpenQuoteContext object at 0x00000211C08E3E10>
  12:31:07 价格更新: 1个持仓
2026-04-29 12:31:07,242 | 27524 | 18920 | [open_context_base.py:518] on_disconnect: Disconnected: conn=0(91) reason=CallClose
2026-04-29 12:32:07,259 | 27524 | 27808 | [open_context_base.py:410] _init_connect_sync: New connect ready: conn=7455111652553397046(92) context=<futu.quote.open_quote_context.OpenQuoteContext object at 0x0000021201A5C050>
2026-04-29 12:32:07,260 | 27524 | 18920 | [open_context_base.py:518] on_disconnect: Disconnected: conn=0(92) reason=CallClose
2026-04-29 12:32:07,262 | 27524 | 27808 | [open_context_base.py:410] _init_connect_sync: New connect ready: conn=7455111652622701157(93) context=<futu.quote.open_quote_context.OpenQuoteContext object at 0x0000021201A5C180>
  12:32:07 价格更新: 1个持仓
2026-04-29 12:32:07,470 | 27524 | 18920 | [open_context_base.py:518] on_disconnect: Disconnected: conn=0(93) reason=CallClose
2026-04-29 12:33:07,487 | 27524 | 27808 | [open_context_base.py:410] _init_connect_sync: New connect ready: conn=7455111905173929230(94) context=<futu.quote.open_quote_context.OpenQuoteContext object at 0x0000021201A5C2B0>
2026-04-29 12:33:07,488 | 27524 | 18920 | [open_context_base.py:518] on_disconnect: Disconnected: conn=0(94) reason=CallClose
2026-04-29 12:33:07,501 | 27524 | 27808 | [open_context_base.py:410] _init_connect_sync: New connect ready: conn=7455111905237101597(95) context=<futu.quote.open_quote_context.OpenQuoteContext object at 0x0000021201A5C3E0>
  12:33:07 价格更新: 1个持仓
2026-04-29 12:33:07,608 | 27524 | 18920 | [open_context_base.py:518] on_disconnect: Disconnected: conn=0(95) reason=CallClose
2026-04-29 12:34:07,624 | 27524 | 27808 | [open_context_base.py:410] _init_connect_sync: New connect ready: conn=7455112157409842235(96) context=<futu.quote.open_quote_context.OpenQuoteContext object at 0x0000021201A5C510>
2026-04-29 12:34:07,625 | 27524 | 18920 | [open_context_base.py:518] on_disconnect: Disconnected: conn=0(96) reason=CallClose
2026-04-29 12:34:07,627 | 27524 | 27808 | [open_context_base.py:410] _init_connect_sync: New connect ready: conn=7455112157468403522(97) context=<futu.quote.open_quote_context.OpenQuoteContext object at 0x0000021201A5C640>
  12:34:07 价格更新: 1个持仓
2026-04-29 12:34:07,663 | 27524 | 18920 | [open_context_base.py:518] on_disconnect: Disconnected: conn=0(97) reason=CallClose
2026-04-29 12:35:07,677 | 27524 | 27808 | [open_context_base.py:410] _init_connect_sync: New connect ready: conn=7455112409290416568(98) context=<futu.quote.open_quote_context.OpenQuoteContext object at 0x0000021201A5C770>
2026-04-29 12:35:07,678 | 27524 | 18920 | [open_context_base.py:518] on_disconnect: Disconnected: conn=0(98) reason=CallClose
2026-04-29 12:35:07,681 | 27524 | 27808 | [open_context_base.py:410] _init_connect_sync: New connect ready: conn=7455112409349163139(99) context=<futu.quote.open_quote_context.OpenQuoteContext object at 0x0000021201A5C8A0>
  12:35:07 价格更新: 1个持仓
2026-04-29 12:35:07,723 | 27524 | 18920 | [open_context_base.py:518] on_disconnect: Disconnected: conn=0(99) reason=CallClose
2026-04-29 12:36:07,728 | 27524 | 27808 | [open_context_base.py:410] _init_connect_sync: New connect ready: conn=7455112661208892880(100) context=<futu.quote.open_quote_context.OpenQuoteContext object at 0x0000021201A5C9D0>
2026-04-29 12:36:07,729 | 27524 | 18920 | [open_context_base.py:518] on_disconnect: Disconnected: conn=0(100) reason=CallClose
2026-04-29 12:36:07,731 | 27524 | 27808 | [open_context_base.py:410] _init_connect_sync: New connect ready: conn=7455112661215366424(101) context=<futu.quote.open_quote_context.OpenQuoteContext object at 0x0000021201A5CB00>
  12:36:07 价格更新: 1个持仓
2026-04-29 12:36:07,807 | 27524 | 18920 | [open_context_base.py:518] on_disconnect: Disconnected: conn=0(101) reason=CallClose
2026-04-29 12:37:07,822 | 27524 | 27808 | [open_context_base.py:410] _init_connect_sync: New connect ready: conn=7455112913209520052(102) context=<futu.quote.open_quote_context.OpenQuoteContext object at 0x0000021201A5CC30>
2026-04-29 12:37:07,823 | 27524 | 18920 | [open_context_base.py:518] on_disconnect: Disconnected: conn=0(102) reason=CallClose
2026-04-29 12:37:07,825 | 27524 | 27808 | [open_context_base.py:410] _init_connect_sync: New connect ready: conn=7455112913275561917(103) context=<futu.quote.open_quote_context.OpenQuoteContext object at 0x0000021201A5CD60>
  12:37:07 价格更新: 1个持仓
2026-04-29 12:37:07,855 | 27524 | 18920 | [open_context_base.py:518] on_disconnect: Disconnected: conn=0(103) reason=CallClose
2026-04-29 12:38:07,870 | 27524 | 27808 | [open_context_base.py:410] _init_connect_sync: New connect ready: conn=7455113165070965766(104) context=<futu.quote.open_quote_context.OpenQuoteContext object at 0x0000021201A5CE90>
2026-04-29 12:38:07,871 | 27524 | 18920 | [open_context_base.py:518] on_disconnect: Disconnected: conn=0(104) reason=CallClose
2026-04-29 12:38:07,884 | 27524 | 27808 | [open_context_base.py:410] _init_connect_sync: New connect ready: conn=7455113165131332891(105) context=<futu.quote.open_quote_context.OpenQuoteContext object at 0x0000021201A5CFC0>
  12:38:07 价格更新: 1个持仓
2026-04-29 12:38:07,914 | 27524 | 18920 | [open_context_base.py:518] on_disconnect: Disconnected: conn=0(105) reason=CallClose
2026-04-29 12:39:07,918 | 27524 | 27808 | [open_context_base.py:410] _init_connect_sync: New connect ready: conn=7455113416980653424(106) context=<futu.quote.open_quote_context.OpenQuoteContext object at 0x0000021201A5D0F0>
2026-04-29 12:39:07,919 | 27524 | 18920 | [open_context_base.py:518] on_disconnect: Disconnected: conn=0(106) reason=CallClose
2026-04-29 12:39:07,921 | 27524 | 27808 | [open_context_base.py:410] _init_connect_sync: New connect ready: conn=7455113416989106065(107) context=<futu.quote.open_quote_context.OpenQuoteContext object at 0x0000021201A5D220>
  12:39:07 价格更新: 1个持仓
2026-04-29 12:39:07,958 | 27524 | 18920 | [open_context_base.py:518] on_disconnect: Disconnected: conn=0(107) reason=CallClose
2026-04-29 12:40:07,974 | 27524 | 27808 | [open_context_base.py:410] _init_connect_sync: New connect ready: conn=7455113668828911420(108) context=<futu.quote.open_quote_context.OpenQuoteContext object at 0x0000021201A5D350>
2026-04-29 12:40:07,975 | 27524 | 18920 | [open_context_base.py:518] on_disconnect: Disconnected: conn=0(108) reason=CallClose
2026-04-29 12:40:07,989 | 27524 | 27808 | [open_context_base.py:410] _init_connect_sync: New connect ready: conn=7455113668881460951(109) context=<futu.quote.open_quote_context.OpenQuoteContext object at 0x0000021201A5D480>
  12:40:08 价格更新: 1个持仓
2026-04-29 12:40:08,038 | 27524 | 18920 | [open_context_base.py:518] on_disconnect: Disconnected: conn=0(109) reason=CallClose
2026-04-29 12:41:08,050 | 27524 | 27808 | [open_context_base.py:410] _init_connect_sync: New connect ready: conn=7455113920848950586(110) context=<futu.quote.open_quote_context.OpenQuoteContext object at 0x0000021201A5D5B0>
2026-04-29 12:41:08,051 | 27524 | 18920 | [open_context_base.py:518] on_disconnect: Disconnected: conn=0(110) reason=CallClose
2026-04-29 12:41:08,055 | 27524 | 27808 | [open_context_base.py:410] _init_connect_sync: New connect ready: conn=7455113920865914322(111) context=<futu.quote.open_quote_context.OpenQuoteContext object at 0x0000021201A5D6E0>
  12:41:08 价格更新: 1个持仓
2026-04-29 12:41:08,280 | 27524 | 18920 | [open_context_base.py:518] on_disconnect: Disconnected: conn=0(111) reason=CallClose
2026-04-29 12:42:08,302 | 27524 | 27808 | [open_context_base.py:410] _init_connect_sync: New connect ready: conn=7455114173519611230(112) context=<futu.quote.open_quote_context.OpenQuoteContext object at 0x0000021201A5D810>
2026-04-29 12:42:08,303 | 27524 | 18920 | [open_context_base.py:518] on_disconnect: Disconnected: conn=0(112) reason=CallClose
2026-04-29 12:42:08,305 | 27524 | 27808 | [open_context_base.py:410] _init_connect_sync: New connect ready: conn=7455114173577993111(113) context=<futu.quote.open_quote_context.OpenQuoteContext object at 0x0000021201A5D940>
  12:42:08 价格更新: 1个持仓
2026-04-29 12:42:08,346 | 27524 | 18920 | [open_context_base.py:518] on_disconnect: Disconnected: conn=0(113) reason=CallClose
2026-04-29 12:43:08,359 | 27524 | 27808 | [open_context_base.py:410] _init_connect_sync: New connect ready: conn=7455114425458136100(114) context=<futu.quote.open_quote_context.OpenQuoteContext object at 0x0000021201A5DA70>
2026-04-29 12:43:08,360 | 27524 | 18920 | [open_context_base.py:518] on_disconnect: Disconnected: conn=0(114) reason=CallClose
2026-04-29 12:43:08,362 | 27524 | 27808 | [open_context_base.py:410] _init_connect_sync: New connect ready: conn=7455114425473779193(115) context=<futu.quote.open_quote_context.OpenQuoteContext object at 0x0000021201A5DBA0>
  12:43:08 价格更新: 1个持仓
2026-04-29 12:43:08,394 | 27524 | 18920 | [open_context_base.py:518] on_disconnect: Disconnected: conn=0(115) reason=CallClose
